BL51 BANKED LINKER/LOCATER V6.22.4.0                                                    01/22/2026  14:51:05  PAGE 1


BL51 BANKED LINKER/LOCATER V6.22.4.0, INVOKED BY:
D:\RM MAIN SOFTWARES\KEIL5C51\C51\BIN\BL51.EXE .\Objects\main.obj, .\Objects\delay.obj, .\Objects\PWM.obj, .\Objects\UAR
>> T.obj TO .\Objects\prj PRINT (.\Listings\prj.m51) RAMSIZE (256)


MEMORY MODEL: SMALL


INPUT MODULES INCLUDED:
  .\Objects\main.obj (MAIN)
  .\Objects\delay.obj (DELAY)
  .\Objects\PWM.obj (PWM)
  .\Objects\UART.obj (UART)
  D:\RM MAIN SOFTWARES\KEIL5C51\C51\LIB\C51S.LIB (?C_STARTUP)
  D:\RM MAIN SOFTWARES\KEIL5C51\C51\LIB\C51S.LIB (?C?CLDPTR)
  D:\RM MAIN SOFTWARES\KEIL5C51\C51\LIB\C51S.LIB (?C?IMUL)
  D:\RM MAIN SOFTWARES\KEIL5C51\C51\LIB\C51S.LIB (?C?UIDIV)
  D:\RM MAIN SOFTWARES\KEIL5C51\C51\LIB\C51S.LIB (?C?ILDPTR)
  D:\RM MAIN SOFTWARES\KEIL5C51\C51\LIB\C51S.LIB (?C?IILDPTR)
  D:\RM MAIN SOFTWARES\KEIL5C51\C51\LIB\C51S.LIB (?C_INIT)
  D:\RM MAIN SOFTWARES\KEIL5C51\C51\LIB\C51S.LIB (?C?IILDX)


LINK MAP OF MODULE:  .\Objects\prj (MAIN)


            TYPE    BASE      LENGTH    RELOCATION   SEGMENT NAME
            -----------------------------------------------------

            * * * * * * *   D A T A   M E M O R Y   * * * * * * *
            REG     0000H     0008H     ABSOLUTE     "REG BANK 0"
            DATA    0008H     000BH     UNIT         ?DT?MAIN
            DATA    0013H     0007H     UNIT         _DATA_GROUP_
            IDATA   001AH     0001H     UNIT         ?STACK

            * * * * * * *   C O D E   M E M O R Y   * * * * * * *
            CODE    0000H     0003H     ABSOLUTE     
            CODE    0003H     0008H     UNIT         ?PR?_UART_SENDBYTE?UART
            CODE    000BH     0003H     ABSOLUTE     
            CODE    000EH     0015H     UNIT         ?PR?PWM_INIT?PWM
            CODE    0023H     0003H     ABSOLUTE     
            CODE    0026H     00F9H     UNIT         ?C?LIB_CODE
            CODE    011FH     008CH     UNIT         ?C_C51STARTUP
            CODE    01ABH     0086H     UNIT         ?PR?_ADJUSTANGLE?MAIN
            CODE    0231H     0068H     UNIT         ?PR?UART_ROUTINE?MAIN
            CODE    0299H     0061H     UNIT         ?PR?TIMER_ROUTINE?MAIN
            CODE    02FAH     0052H     UNIT         ?PR?MAIN?MAIN
            CODE    034CH     004BH     UNIT         ?PR?ADJUSTDUTYCYCLE?MAIN
            CODE    0397H     0021H     UNIT         ?PR?UART_INIT?UART
            CODE    03B8H     001AH     UNIT         ?PR?_DELAY?DELAY
            CODE    03D2H     0014H     UNIT         ?C_INITSEG
            CODE    03E6H     0013H     UNIT         ?PR?_UART_SENDSTR?UART



OVERLAY MAP OF MODULE:   .\Objects\prj (MAIN)


BL51 BANKED LINKER/LOCATER V6.22.4.0                                                  01/22/2026  14:51:05  PAGE 2


SEGMENT                            DATA_GROUP 
  +--> CALLED SEGMENT            START    LENGTH
------------------------------------------------
?PR?UART_ROUTINE?MAIN            -----    -----
  +--> ?PR?ADJUSTDUTYCYCLE?MAIN
  +--> ?PR?_UART_SENDSTR?UART

?PR?ADJUSTDUTYCYCLE?MAIN         -----    -----
  +--> ?PR?_ADJUSTANGLE?MAIN

?PR?_ADJUSTANGLE?MAIN            0013H    0007H
  +--> ?PR?_DELAY?DELAY

?PR?_UART_SENDSTR?UART           -----    -----
  +--> ?PR?_UART_SENDBYTE?UART

*** NEW ROOT ***************************************************

?C_C51STARTUP                    -----    -----
  +--> ?PR?MAIN?MAIN
  +--> ?C_INITSEG

?PR?MAIN?MAIN                    -----    -----
  +--> ?PR?UART_INIT?UART
  +--> ?PR?PWM_INIT?PWM
  +--> ?PR?_UART_SENDBYTE?UART
  +--> ?PR?_DELAY?DELAY



SYMBOL TABLE OF MODULE:  .\Objects\prj (MAIN)

  VALUE           TYPE          NAME
  ----------------------------------

  -------         MODULE        MAIN
  C:0000H         SYMBOL        _ICE_DUMMY_
  D:0080H         PUBLIC        P0
  D:0090H         PUBLIC        P1
  D:00A0H         PUBLIC        P2
  D:00C0H         PUBLIC        XICON
  D:00B0H         PUBLIC        P3
  D:00E8H         PUBLIC        P4
  C:0231H         PUBLIC        UART_Routine
  D:00A8H         PUBLIC        IE
  D:00B8H         PUBLIC        IP
  B:0098H.0       PUBLIC        RI
  D:0008H         PUBLIC        bufCounter
  C:02FAH         PUBLIC        main
  C:034CH         PUBLIC        adjustDutyCycle
  D:000AH         PUBLIC        servo1_Angle
  D:0099H         PUBLIC        SBUF
  D:0098H         PUBLIC        SCON
  D:0088H         PUBLIC        TCON
  D:000CH         PUBLIC        buf
  D:00F0H         PUBLIC        B
  D:00E0H         PUBLIC        ACC
BL51 BANKED LINKER/LOCATER V6.22.4.0                                                  01/22/2026  14:51:05  PAGE 3


  D:008CH         PUBLIC        TH0
  C:0299H         PUBLIC        Timer_Routine
  D:008AH         PUBLIC        TL0
  B:00A0H.1       PUBLIC        servo1
  D:0011H         PUBLIC        Counter
  D:00C8H         PUBLIC        T2CON
  C:01ABH         PUBLIC        _adjustAngle
  D:00D0H         PUBLIC        PSW
  -------         PROC          TIMER_ROUTINE
  C:0299H         LINE#         11
  C:02ACH         LINE#         13
  C:02AFH         LINE#         14
  C:02B2H         LINE#         15
  C:02BAH         LINE#         16
  C:02C8H         LINE#         18
  C:02E3H         LINE#         19
  C:02E3H         LINE#         20
  C:02E5H         LINE#         21
  C:02E7H         LINE#         23
  C:02E7H         LINE#         24
  C:02E9H         LINE#         25
  C:02E9H         LINE#         26
  -------         ENDPROC       TIMER_ROUTINE
  -------         PROC          _ADJUSTANGLE
  D:0013H         SYMBOL        TGTAngle
  D:0015H         SYMBOL        currentAngle
  D:0018H         SYMBOL        del
  C:01ABH         LINE#         27
  C:01B5H         LINE#         28
  C:01B5H         LINE#         29
  C:01C3H         LINE#         30
  C:01C3H         LINE#         31
  C:01DEH         LINE#         32
  C:01DEH         LINE#         33
  C:01E6H         LINE#         34
  C:01EDH         LINE#         35
  C:01EFH         LINE#         36
  C:01EFH         LINE#         37
  C:0203H         LINE#         38
  C:0203H         LINE#         39
  C:0220H         LINE#         40
  C:0220H         LINE#         41
  C:0227H         LINE#         42
  C:022EH         LINE#         43
  C:0230H         LINE#         44
  C:0230H         LINE#         45
  -------         ENDPROC       _ADJUSTANGLE
  -------         PROC          ADJUSTDUTYCYCLE
  -------         DO            
  D:0002H         SYMBOL        i
  D:0006H         SYMBOL        dat
  -------         ENDDO         
  C:034CH         LINE#         46
  C:034CH         LINE#         47
  C:034CH         LINE#         49
  C:034FH         LINE#         50
  C:035CH         LINE#         51
BL51 BANKED LINKER/LOCATER V6.22.4.0                                                  01/22/2026  14:51:05  PAGE 4


  C:035CH         LINE#         52
  C:0363H         LINE#         53
  C:0371H         LINE#         54
  C:0378H         LINE#         55
  C:0387H         LINE#         56
  C:0387H         LINE#         57
  C:0396H         LINE#         58
  C:0396H         LINE#         59
  -------         ENDPROC       ADJUSTDUTYCYCLE
  -------         PROC          UART_ROUTINE
  C:0231H         LINE#         60
  C:024EH         LINE#         62
  C:0251H         LINE#         63
  C:0251H         LINE#         64
  C:025CH         LINE#         65
  C:0263H         LINE#         66
  C:026BH         LINE#         67
  C:027CH         LINE#         69
  C:027EH         LINE#         70
  C:027EH         LINE#         72
  -------         ENDPROC       UART_ROUTINE
  -------         PROC          MAIN
  C:02FAH         LINE#         74
  C:02FAH         LINE#         75
  C:02FAH         LINE#         76
  C:02FDH         LINE#         77
  C:0300H         LINE#         78
  C:0300H         LINE#         79
  C:0300H         LINE#         80
  C:0312H         LINE#         81
  C:0331H         LINE#         82
  C:0343H         LINE#         84
  C:034AH         LINE#         85
  -------         ENDPROC       MAIN
  -------         ENDMOD        MAIN

  -------         MODULE        DELAY
  C:0000H         SYMBOL        _ICE_DUMMY_
  C:03B8H         PUBLIC        _delay
  -------         PROC          _DELAY
  D:0006H         SYMBOL        x
  -------         DO            
  D:0005H         SYMBOL        i
  D:0004H         SYMBOL        j
  -------         ENDDO         
  C:03B8H         LINE#         3
  C:03B8H         LINE#         4
  C:03B8H         LINE#         6
  C:03C1H         LINE#         7
  C:03C1H         LINE#         8
  C:03C2H         LINE#         9
  C:03C4H         LINE#         10
  C:03C6H         LINE#         12
  C:03C6H         LINE#         13
  C:03C8H         LINE#         14
  C:03CAH         LINE#         15
  C:03CFH         LINE#         16
BL51 BANKED LINKER/LOCATER V6.22.4.0                                                  01/22/2026  14:51:05  PAGE 5


  C:03D1H         LINE#         17
  -------         ENDPROC       _DELAY
  -------         ENDMOD        DELAY

  -------         MODULE        PWM
  C:0000H         SYMBOL        _ICE_DUMMY_
  D:0080H         PUBLIC        P0
  D:0090H         PUBLIC        P1
  D:00A0H         PUBLIC        P2
  D:00C0H         PUBLIC        XICON
  D:00B0H         PUBLIC        P3
  D:00E8H         PUBLIC        P4
  B:00A8H.7       PUBLIC        EA
  D:00A8H         PUBLIC        IE
  D:00B8H         PUBLIC        IP
  D:0098H         PUBLIC        SCON
  D:0089H         PUBLIC        TMOD
  D:0088H         PUBLIC        TCON
  D:00F0H         PUBLIC        B
  D:00E0H         PUBLIC        ACC
  B:00A8H.1       PUBLIC        ET0
  B:0088H.5       PUBLIC        TF0
  D:008CH         PUBLIC        TH0
  D:008AH         PUBLIC        TL0
  B:0088H.4       PUBLIC        TR0
  D:00C8H         PUBLIC        T2CON
  C:000EH         PUBLIC        PWM_Init
  D:00D0H         PUBLIC        PSW
  -------         PROC          PWM_INIT
  C:000EH         LINE#         3
  C:000EH         LINE#         4
  C:000EH         LINE#         5
  C:0011H         LINE#         6
  C:0014H         LINE#         7
  C:0017H         LINE#         8
  C:001AH         LINE#         9
  C:001CH         LINE#         10
  C:001EH         LINE#         11
  C:0020H         LINE#         12
  C:0022H         LINE#         13
  -------         ENDPROC       PWM_INIT
  -------         ENDMOD        PWM

  -------         MODULE        UART
  C:0000H         SYMBOL        _ICE_DUMMY_
  D:0080H         PUBLIC        P0
  D:0090H         PUBLIC        P1
  D:00A0H         PUBLIC        P2
  D:00C0H         PUBLIC        XICON
  D:00B0H         PUBLIC        P3
  D:00E8H         PUBLIC        P4
  B:00A8H.7       PUBLIC        EA
  D:00A8H         PUBLIC        IE
  B:00A8H.4       PUBLIC        ES
  D:00B8H         PUBLIC        IP
  B:0098H.1       PUBLIC        TI
  D:0099H         PUBLIC        SBUF
BL51 BANKED LINKER/LOCATER V6.22.4.0                                                  01/22/2026  14:51:05  PAGE 6


  D:0087H         PUBLIC        PCON
  C:0397H         PUBLIC        UART_Init
  D:0098H         PUBLIC        SCON
  D:0089H         PUBLIC        TMOD
  D:0088H         PUBLIC        TCON
  C:0003H         PUBLIC        _UART_SendByte
  D:00F0H         PUBLIC        B
  D:008EH         PUBLIC        AUXR
  D:00E0H         PUBLIC        ACC
  B:00A8H.3       PUBLIC        ET1
  D:008DH         PUBLIC        TH1
  D:008BH         PUBLIC        TL1
  B:0088H.6       PUBLIC        TR1
  C:03E6H         PUBLIC        _UART_SendStr
  D:00C8H         PUBLIC        T2CON
  D:00D0H         PUBLIC        PSW
  -------         PROC          UART_INIT
  C:0397H         LINE#         4
  C:0397H         LINE#         5
  C:0397H         LINE#         6
  C:039AH         LINE#         7
  C:039DH         LINE#         8
  C:03A0H         LINE#         9
  C:03A3H         LINE#         10
  C:03A6H         LINE#         11
  C:03A9H         LINE#         12
  C:03ACH         LINE#         13
  C:03AFH         LINE#         14
  C:03B1H         LINE#         15
  C:03B3H         LINE#         17
  C:03B5H         LINE#         18
  C:03B7H         LINE#         19
  -------         ENDPROC       UART_INIT
  -------         PROC          _UART_SENDBYTE
  D:0007H         SYMBOL        Byte
  C:0003H         LINE#         21
  C:0003H         LINE#         22
  C:0003H         LINE#         23
  C:0005H         LINE#         24
  C:0008H         LINE#         25
  C:000AH         LINE#         26
  -------         ENDPROC       _UART_SENDBYTE
  -------         PROC          _UART_SENDSTR
  D:0001H         SYMBOL        str
  C:03E6H         LINE#         39
  C:03E6H         LINE#         40
  C:03E6H         LINE#         41
  C:03ECH         LINE#         42
  C:03ECH         LINE#         43
  C:03EFH         LINE#         44
  C:03F6H         LINE#         45
  C:03F8H         LINE#         46
  -------         ENDPROC       _UART_SENDSTR
  -------         ENDMOD        UART

  -------         MODULE        ?C?CLDPTR
  C:0026H         PUBLIC        ?C?CLDPTR
BL51 BANKED LINKER/LOCATER V6.22.4.0                                                  01/22/2026  14:51:05  PAGE 7


  -------         ENDMOD        ?C?CLDPTR

  -------         MODULE        ?C?IMUL
  C:003FH         PUBLIC        ?C?IMUL
  -------         ENDMOD        ?C?IMUL

  -------         MODULE        ?C?UIDIV
  C:0051H         PUBLIC        ?C?UIDIV
  -------         ENDMOD        ?C?UIDIV

  -------         MODULE        ?C?ILDPTR
  C:00A6H         PUBLIC        ?C?ILDPTR
  -------         ENDMOD        ?C?ILDPTR

  -------         MODULE        ?C?IILDPTR
  C:00D1H         PUBLIC        ?C?IILDPTR
  -------         ENDMOD        ?C?IILDPTR

  -------         MODULE        ?C?IILDX
  C:0109H         PUBLIC        ?C?IILDX
  -------         ENDMOD        ?C?IILDX

Program Size: data=27.0 xdata=0 code=1017
LINK/LOCATE RUN COMPLETE.  0 WARNING(S),  0 ERROR(S)
