C51 COMPILER V9.60.7.0   UART                                                              01/08/2026 16:21:32 PAGE 1   


C51 COMPILER V9.60.7.0, COMPILATION OF MODULE UART
OBJECT MODULE PLACED IN .\Objects\UART.obj
COMPILER INVOKED BY: D:\RM Main softwares\Keil5c51\C51\BIN\C51.EXE UART.c OPTIMIZE(8,SPEED) BROWSE DEBUG OBJECTEXTEND PR
                    -INT(.\Listings\UART.lst) TABS(2) OBJECT(.\Objects\UART.obj)

line level    source

   1          #include <STC89C5xRC.H>
   2          #include "delay.h"
   3          
   4          void UART_Init()//9600bps
   5          {
   6   1        PCON &= 0x7F;   //波特率不倍速
   7   1        SCON = 0x50;    //8位数据,可变波特率
   8   1        AUXR &= 0xBF;   //定时器时钟12T模式
   9   1        AUXR &= 0xFE;   //串口1选择定时器1为波特率发生器
  10   1        TMOD &= 0x0F;   //设置定时器模式
  11   1        TMOD |= 0x20;   //设置定时器模式
  12   1        TL1 = 0xFD;     //设置定时初始值
  13   1        TH1 = 0xFD;     //设置定时重载值
  14   1        ET1 = 0;      //禁止定时器中断
  15   1        TR1 = 1;      //定时器1开始计时
  16   1        //中断开关
  17   1        ES = 1;     //串口中断开关
  18   1        EA = 1;     //总中断开关
  19   1      }
  20          
  21            void UART_SendByte(unsigned char Byte)
  22          {
  23   1        SBUF = Byte;
  24   1        while(TI == 0);//数据发送完，硬件置1
  25   1        TI = 0;   //软件置0
  26   1      }
  27          /**
  28          void UART_Routine() interrupt 4
  29          {
  30            if(RI == 1)//检测是否是接收数据中断
  31            {
  32              //检测到中断后的动作
  33          
  34              UART_SendByte(SBUF);
  35              RI = 0;//软件置0
  36            }
  37          }
  38          **/
  39          void UART_SendStr(unsigned char *str)
  40          {
  41   1        while(*str!='\0')
  42   1        {
  43   2          UART_SendByte(*str);
  44   2          str++;
  45   2        }
  46   1      }


MODULE INFORMATION:   STATIC OVERLAYABLE
   CODE SIZE        =     60    ----
   CONSTANT SIZE    =   ----    ----
   XDATA SIZE       =   ----    ----
   PDATA SIZE       =   ----    ----
   DATA SIZE        =   ----    ----
C51 COMPILER V9.60.7.0   UART                                                              01/08/2026 16:21:32 PAGE 2   

   IDATA SIZE       =   ----    ----
   BIT SIZE         =   ----    ----
END OF MODULE INFORMATION.


C51 COMPILATION COMPLETE.  0 WARNING(S),  0 ERROR(S)
