C51 COMPILER V9.60.7.0   I2C                                                               01/07/2026 21:59:19 PAGE 1   


C51 COMPILER V9.60.7.0, COMPILATION OF MODULE I2C
OBJECT MODULE PLACED IN .\Objects\i2c.obj
COMPILER INVOKED BY: D:\RM Main softwares\Keil5c51\C51\BIN\C51.EXE i2c.c OPTIMIZE(8,SPEED) BROWSE DEBUG OBJECTEXTEND PRI
                    -NT(.\Listings\i2c.lst) TABS(2) OBJECT(.\Objects\i2c.obj)

line level    source

   1          #include <STC89C5xRC.H>
   2          #include "delay.h"
   3          
   4          sbit I2C_SDA = P3^2;
   5          sbit I2C_SCL = P3^3;
   6          
   7          void I2C_Start()
   8          {
   9   1        I2C_SDA = 1;
  10   1        I2C_SCL = 1;
  11   1        I2C_SDA = 0;
  12   1        I2C_SCL = 0;
  13   1      }
  14          
  15          void I2C_Stop()
  16          {
  17   1        I2C_SDA = 0;
  18   1        I2C_SCL = 1;
  19   1        I2C_SDA = 1;
  20   1      }
  21          void I2C_SendByte(unsigned char Byte)
  22          {
  23   1        unsigned char i = 0;
  24   1        for(i = 0; i < 8; ++i)
  25   1        {
  26   2          I2C_SDA = Byte & (0x80 >> i);
  27   2          I2C_SCL = 1;
  28   2          I2C_SCL = 0;
  29   2        }
  30   1      }
  31          unsigned char I2C_ReceiveByte()
  32          {
  33   1        unsigned char Byte = 0, i;
  34   1        I2C_SDA = 1;
  35   1        for(i = 0; i < 8; ++i)
  36   1        {
  37   2          I2C_SCL = 1;
  38   2          if(I2C_SDA) Byte |= (0x80 >> i);
  39   2          I2C_SCL = 0;
  40   2        }
  41   1        return Byte;
  42   1      }
  43          void I2C_SendAck(unsigned char AckBit)
  44          {
  45   1        I2C_SDA = AckBit;
  46   1        I2C_SCL = 1;
  47   1        I2C_SCL = 0;
  48   1      }
  49          unsigned char I2C_ReceiveAck()
  50          {
  51   1        unsigned char Ack;
  52   1        I2C_SDA = 1;
  53   1        I2C_SCL = 1;
  54   1        Ack = I2C_SDA;
C51 COMPILER V9.60.7.0   I2C                                                               01/07/2026 21:59:19 PAGE 2   

  55   1        I2C_SCL = 0;
  56   1        return Ack;
  57   1      }


MODULE INFORMATION:   STATIC OVERLAYABLE
   CODE SIZE        =    109    ----
   CONSTANT SIZE    =   ----    ----
   XDATA SIZE       =   ----    ----
   PDATA SIZE       =   ----    ----
   DATA SIZE        =   ----    ----
   IDATA SIZE       =   ----    ----
   BIT SIZE         =   ----    ----
END OF MODULE INFORMATION.


C51 COMPILATION COMPLETE.  0 WARNING(S),  0 ERROR(S)
