C51 COMPILER V9.60.7.0   MAIN                                                              01/22/2026 16:35:26 PAGE 1   


C51 COMPILER V9.60.7.0, COMPILATION OF MODULE MAIN
OBJECT MODULE PLACED IN .\Objects\main.obj
COMPILER INVOKED BY: D:\RM Main softwares\Keil5c51\C51\BIN\C51.EXE main.c OPTIMIZE(8,SPEED) BROWSE DEBUG OBJECTEXTEND PR
                    -INT(.\Listings\main.lst) TABS(2) OBJECT(.\Objects\main.obj)

line level    source

   1          #include <STC89C5xRC.H>
   2          #include "OLED.h"
   3          #include "OLED_Font.h"
   4          #include "keyboard.h"
   5          #include "delay.h"
   6          #include "PWM.h"
   7          sbit servo1=P2^1;
   8          unsigned int Counter,servo1_Angle=90;
   9          
  10          void Timer_Routine() interrupt 1
  11          {
  12   1        TL0 = (65536 - 92) % 256;   //设置定时初值
  13   1        TH0 = (65536 - 92) / 256;
  14   1        Counter++;
  15   1        Counter %= 200; //重置counter,现在的值是200,即20ms
  16   1      
  17   1        if(Counter < (servo1_Angle/12)+5)//神秘舵机从0.5ms到2ms转180度，跟说明书不一样
  18   1        {
  19   2          servo1 = 1;
  20   2        }
  21   1        else
  22   1        {
  23   2          servo1 = 0;
  24   2        }
  25   1      }
  26          unsigned int menuIndex=0;
  27          void drawTri()
  28          {
  29   1        
  30   1      }
  31          void drawTriWLen()
  32          {
  33   1        
  34   1      }
  35          void GUILogic(unsigned int key)//UI逻辑
  36          {
  37   1          if(menuIndex==0)//初始界面
  38   1          {
  39   2            if(key==2){menuIndex=1;return;}
  40   2            if(key==1){menuIndex=2;return;}
  41   2          }
  42   1          if(menuIndex==1)
  43   1          {
  44   2            if(key==2){drawTri();return;}
  45   2            if(key==1){drawTriWLen();return;}
  46   2            if(key==11){menuIndex=0;return;}
  47   2          }
  48   1          if(menuIndex==2)
  49   1          {
  50   2            if(key==11){menuIndex=0;return;}  
  51   2          }
  52   1          
  53   1      }
  54          void drawGUI()//显示UI
C51 COMPILER V9.60.7.0   MAIN                                                              01/22/2026 16:35:26 PAGE 2   

  55          {
  56   1          EA=0;
  57   1          OLED_Clear();
  58   1          if(menuIndex==0)//初始界面
  59   1          {
  60   2            OLED_ShowString(1,1,"Modes:");
  61   2            OLED_ShowString(2,1,"1.UART");
  62   2            OLED_ShowString(3,1,"2.AUTO");
  63   2          }
  64   1          if(menuIndex==1)
  65   1          {
  66   2            OLED_ShowString(1,1,"1.Tri1");
  67   2            OLED_ShowString(2,1,"2.Tri2");
  68   2          }
  69   1          if(menuIndex==2)
  70   1          {
  71   2            OLED_ShowString(1,1,"UART");
  72   2            OLED_ShowString(2,1,"mode");
  73   2          }
  74   1          EA=1;
  75   1      }
  76          void main()
  77          {
  78   1          unsigned int keyDown = 0;
  79   1          unsigned int key = 0;
  80   1          OLED_Init();
  81   1          PWM_Init();
  82   1          delay(1000);
  83   1          OLED_ShowChar(1, 1, 't');
  84   1          //P21 = 0;
  85   1          OLED_ShowString(1, 2, "Test");
  86   1          OLED_ShowNum(2, 1, 123456, 6);
  87   1          drawGUI();
  88   1          while (1)
  89   1          {
  90   2              if (keyDown == 0)
  91   2              {
  92   3                  key = scanKeyPress();
  93   3                  keyDown = key;
  94   3                /**
  95   3                  if (key != 0)
  96   3                  {
  97   3                      OLED_ShowNum(3, 1, key, 2);
  98   3                  }
  99   3                **/
 100   3                if(key!=0){GUILogic(key);drawGUI();}
 101   3              }
 102   2              else
 103   2              {
 104   3                  if (scanKeyRelease(keyDown) == 0)
 105   3                  {
 106   4                      keyDown = 0;
 107   4                      //OLED_clear();
 108   4                      key = 0;
 109   4                  }
 110   3              }
 111   2          }
 112   1      }


MODULE INFORMATION:   STATIC OVERLAYABLE
   CODE SIZE        =    425    ----
C51 COMPILER V9.60.7.0   MAIN                                                              01/22/2026 16:35:26 PAGE 3   

   CONSTANT SIZE    =   1570    ----
   XDATA SIZE       =   ----    ----
   PDATA SIZE       =   ----    ----
   DATA SIZE        =      6       4
   IDATA SIZE       =   ----    ----
   BIT SIZE         =   ----    ----
END OF MODULE INFORMATION.


C51 COMPILATION COMPLETE.  0 WARNING(S),  0 ERROR(S)
