C51 COMPILER V9.60.7.0   MAIN                                                              01/07/2026 23:23:40 PAGE 1   


C51 COMPILER V9.60.7.0, COMPILATION OF MODULE MAIN
OBJECT MODULE PLACED IN .\Objects\main.obj
COMPILER INVOKED BY: D:\RM Main softwares\Keil5c51\C51\BIN\C51.EXE main.c OPTIMIZE(8,SPEED) BROWSE DEBUG OBJECTEXTEND PR
                    -INT(.\Listings\main.lst) TABS(2) OBJECT(.\Objects\main.obj)

line level    source

   1          #include <STC89C5xRC.H>
   2          #include "OLED.h"
   3          #include "OLED_Font.h"
   4          #include "keyboard.h"
   5          #include "delay.h"
   6          
   7          void main()
   8          {
   9   1          unsigned int keyDown = 0;
  10   1          unsigned int key = 0;
  11   1          OLED_Init();
  12   1        OLED_Clear();
  13   1          delay(1000);
  14   1          OLED_ShowChar(1, 1, 't');
  15   1          P21=0;
  16   1          OLED_ShowString(1,2,"Test");
  17   1          OLED_ShowNum(2, 1, 123456, 6);
  18   1          while (1)
  19   1          {
  20   2      
  21   2              if (keyDown == 0)
  22   2              {
  23   3                  key = scanKeyPress();
  24   3                  keyDown = key;
  25   3                if(key!=0)
  26   3                {
  27   4                  OLED_ShowNum(3,1,key,2);
  28   4                }
  29   3              }
  30   2              else
  31   2              {
  32   3                  if (scanKeyRelease(keyDown) == 0)
  33   3                  {
  34   4                      keyDown = 0;
  35   4                      OLED_clear();
*** WARNING C206 IN LINE 35 OF main.c: 'OLED_clear': missing function-prototype
  36   4                    key = 0;
  37   4                  }
  38   3                  
  39   3              }
  40   2             
  41   2              
  42   2          }
  43   1      }


MODULE INFORMATION:   STATIC OVERLAYABLE
   CODE SIZE        =    138    ----
   CONSTANT SIZE    =   1525    ----
   XDATA SIZE       =   ----    ----
   PDATA SIZE       =   ----    ----
   DATA SIZE        =   ----       4
   IDATA SIZE       =   ----    ----
   BIT SIZE         =   ----    ----
C51 COMPILER V9.60.7.0   MAIN                                                              01/07/2026 23:23:40 PAGE 2   

END OF MODULE INFORMATION.


C51 COMPILATION COMPLETE.  1 WARNING(S),  0 ERROR(S)
