BL51 BANKED LINKER/LOCATER V6.22.4.0                                                    01/22/2026  16:35:26  PAGE 1


BL51 BANKED LINKER/LOCATER V6.22.4.0, INVOKED BY:
D:\RM MAIN SOFTWARES\KEIL5C51\C51\BIN\BL51.EXE .\Objects\delay.obj, .\Objects\main.obj, .\Objects\OLED.obj, .\Objects\ke
>> yboard.obj, .\Objects\PWM.obj TO .\Objects\prj PRINT (.\Listings\prj.m51) RAMSIZE (256)


MEMORY MODEL: SMALL


INPUT MODULES INCLUDED:
  .\Objects\delay.obj (DELAY)
  .\Objects\main.obj (MAIN)
  .\Objects\OLED.obj (OLED)
  .\Objects\keyboard.obj (KEYBOARD)
  .\Objects\PWM.obj (PWM)
  D:\RM MAIN SOFTWARES\KEIL5C51\C51\LIB\C51S.LIB (?C_STARTUP)
  D:\RM MAIN SOFTWARES\KEIL5C51\C51\LIB\C51S.LIB (?C?CLDOPTR)
  D:\RM MAIN SOFTWARES\KEIL5C51\C51\LIB\C51S.LIB (?C?UIDIV)
  D:\RM MAIN SOFTWARES\KEIL5C51\C51\LIB\C51S.LIB (?C?LMUL)
  D:\RM MAIN SOFTWARES\KEIL5C51\C51\LIB\C51S.LIB (?C?ULDIV)
  D:\RM MAIN SOFTWARES\KEIL5C51\C51\LIB\C51S.LIB (?C?ULCMP)
  D:\RM MAIN SOFTWARES\KEIL5C51\C51\LIB\C51S.LIB (?C?LLDIIDATA)
  D:\RM MAIN SOFTWARES\KEIL5C51\C51\LIB\C51S.LIB (?C_INIT)


LINK MAP OF MODULE:  .\Objects\prj (DELAY)


            TYPE    BASE      LENGTH    RELOCATION   SEGMENT NAME
            -----------------------------------------------------

            * * * * * * *   D A T A   M E M O R Y   * * * * * * *
            REG     0000H     0008H     ABSOLUTE     "REG BANK 0"
            DATA    0008H     0018H     UNIT         _DATA_GROUP_
            DATA    0020H     000BH     UNIT         ?DT?_OLED_DRAWBMP?OLED
            DATA    002BH     0006H     UNIT         ?DT?MAIN
            IDATA   0031H     0001H     UNIT         ?STACK

            * * * * * * *   C O D E   M E M O R Y   * * * * * * *
            CODE    0000H     0003H     ABSOLUTE     
            CODE    0003H     0007H     UNIT         ?PR?OLED_I2C_STOP?OLED
            CODE    000AH     0001H     UNIT         ?PR?DRAWTRI?MAIN
            CODE    000BH     0003H     ABSOLUTE     
            CODE    000EH     0622H     UNIT         ?CO?MAIN
            CODE    0630H     05F0H     UNIT         ?CO?OLED
            CODE    0C20H     01D0H     UNIT         ?C?LIB_CODE
            CODE    0DF0H     01A5H     UNIT         ?PR?SCANKEY?KEYBOARD
            CODE    0F95H     0105H     UNIT         ?PR?SCANKEYPRESS?KEYBOARD
            CODE    109AH     00E8H     UNIT         ?PR?_SCANKEYRELEASE?KEYBOARD
            CODE    1182H     00DFH     UNIT         ?PR?OLED_INIT?OLED
            CODE    1261H     008CH     UNIT         ?C_C51STARTUP
            CODE    12EDH     007AH     UNIT         ?PR?MAIN?MAIN
            CODE    1367H     0079H     UNIT         ?PR?DRAWGUI?MAIN
            CODE    13E0H     0063H     UNIT         ?PR?_OLED_SHOWNUM?OLED
            CODE    1443H     0063H     UNIT         ?PR?_OLED_DRAWBMP?OLED
            CODE    14A6H     0061H     UNIT         ?PR?TIMER_ROUTINE?MAIN
            CODE    1507H     005FH     UNIT         ?PR?_OLED_SHOWCHAR?OLED
            CODE    1566H     0053H     UNIT         ?PR?_GUILOGIC?MAIN
            CODE    15B9H     0045H     UNIT         ?PR?_OLED_POW?OLED
BL51 BANKED LINKER/LOCATER V6.22.4.0                                                  01/22/2026  16:35:26  PAGE 2


            CODE    15FEH     0034H     UNIT         ?PR?_OLED_I2C_SENDBYTE?OLED
            CODE    1632H     002EH     UNIT         ?PR?_OLED_SHOWSTRING?OLED
            CODE    1660H     0025H     UNIT         ?PR?_OLED_SETCURSOR?OLED
            CODE    1685H     0020H     UNIT         ?PR?_OLED_WRITEDATA?OLED
            CODE    16A5H     001AH     UNIT         ?PR?_DELAY?DELAY
            CODE    16BFH     0019H     UNIT         ?PR?OLED_CLEAR?OLED
            CODE    16D8H     0015H     UNIT         ?PR?PWM_INIT?PWM
            CODE    16EDH     0010H     UNIT         ?PR?_OLED_WRITECOMMAND?OLED
            CODE    16FDH     0009H     UNIT         ?C_INITSEG
            CODE    1706H     0009H     UNIT         ?PR?OLED_I2C_START?OLED
            CODE    170FH     0001H     UNIT         ?PR?DRAWTRIWLEN?MAIN



OVERLAY MAP OF MODULE:   .\Objects\prj (DELAY)


SEGMENT                                DATA_GROUP 
  +--> CALLED SEGMENT                START    LENGTH
----------------------------------------------------
?C_C51STARTUP                        -----    -----
  +--> ?PR?MAIN?MAIN
  +--> ?C_INITSEG

?PR?MAIN?MAIN                        0008H    0004H
  +--> ?PR?OLED_INIT?OLED
  +--> ?PR?PWM_INIT?PWM
  +--> ?PR?_DELAY?DELAY
  +--> ?PR?_OLED_SHOWCHAR?OLED
  +--> ?CO?MAIN
  +--> ?PR?_OLED_SHOWSTRING?OLED
  +--> ?PR?_OLED_SHOWNUM?OLED
  +--> ?PR?SCANKEYPRESS?KEYBOARD
  +--> ?PR?_GUILOGIC?MAIN
  +--> ?PR?DRAWGUI?MAIN
  +--> ?PR?_SCANKEYRELEASE?KEYBOARD

?PR?OLED_INIT?OLED                   000CH    0008H
  +--> ?PR?_OLED_WRITECOMMAND?OLED
  +--> ?PR?OLED_CLEAR?OLED

?PR?_OLED_WRITECOMMAND?OLED          -----    -----
  +--> ?PR?_OLED_I2C_SENDBYTE?OLED
  +--> ?PR?OLED_I2C_STOP?OLED

?PR?_OLED_I2C_SENDBYTE?OLED          -----    -----
  +--> ?PR?OLED_I2C_START?OLED

?PR?OLED_CLEAR?OLED                  -----    -----
  +--> ?PR?_OLED_SETCURSOR?OLED
  +--> ?PR?_OLED_WRITEDATA?OLED

?PR?_OLED_SETCURSOR?OLED             -----    -----
  +--> ?PR?_OLED_WRITECOMMAND?OLED

?PR?_OLED_WRITEDATA?OLED             -----    -----
  +--> ?PR?_OLED_I2C_SENDBYTE?OLED
BL51 BANKED LINKER/LOCATER V6.22.4.0                                                  01/22/2026  16:35:26  PAGE 3


  +--> ?PR?OLED_I2C_STOP?OLED

?PR?_OLED_SHOWCHAR?OLED              0014H    0002H
  +--> ?PR?_OLED_SETCURSOR?OLED
  +--> ?CO?OLED
  +--> ?PR?_OLED_WRITEDATA?OLED

?PR?_OLED_SHOWSTRING?OLED            000CH    0006H
  +--> ?PR?_OLED_SHOWCHAR?OLED

?PR?_OLED_SHOWNUM?OLED               000CH    0008H
  +--> ?PR?_OLED_POW?OLED
  +--> ?PR?_OLED_SHOWCHAR?OLED

?PR?_OLED_POW?OLED                   0014H    000CH

?PR?SCANKEYPRESS?KEYBOARD            -----    -----
  +--> ?PR?_DELAY?DELAY

?PR?_GUILOGIC?MAIN                   -----    -----
  +--> ?PR?DRAWTRI?MAIN
  +--> ?PR?DRAWTRIWLEN?MAIN

?PR?DRAWGUI?MAIN                     -----    -----
  +--> ?PR?OLED_CLEAR?OLED
  +--> ?CO?MAIN
  +--> ?PR?_OLED_SHOWSTRING?OLED

?PR?_SCANKEYRELEASE?KEYBOARD         000CH    0002H
  +--> ?PR?_DELAY?DELAY



SYMBOL TABLE OF MODULE:  .\Objects\prj (DELAY)

  VALUE           TYPE          NAME
  ----------------------------------

  -------         MODULE        DELAY
  C:0000H         SYMBOL        _ICE_DUMMY_
  C:16A5H         PUBLIC        _delay
  -------         PROC          _DELAY
  D:0006H         SYMBOL        x
  -------         DO            
  D:0005H         SYMBOL        i
  D:0004H         SYMBOL        j
  -------         ENDDO         
  C:16A5H         LINE#         3
  C:16A5H         LINE#         4
  C:16A5H         LINE#         6
  C:16AEH         LINE#         7
  C:16AEH         LINE#         8
  C:16AFH         LINE#         9
  C:16B1H         LINE#         10
  C:16B3H         LINE#         12
  C:16B3H         LINE#         13
  C:16B5H         LINE#         14
BL51 BANKED LINKER/LOCATER V6.22.4.0                                                  01/22/2026  16:35:26  PAGE 4


  C:16B7H         LINE#         15
  C:16BCH         LINE#         16
  C:16BEH         LINE#         17
  -------         ENDPROC       _DELAY
  -------         ENDMOD        DELAY

  -------         MODULE        MAIN
  C:0000H         SYMBOL        _ICE_DUMMY_
  D:0080H         PUBLIC        P0
  D:0090H         PUBLIC        P1
  D:00A0H         PUBLIC        P2
  D:00C0H         PUBLIC        XICON
  D:00B0H         PUBLIC        P3
  D:00E8H         PUBLIC        P4
  B:00A8H.7       PUBLIC        EA
  D:00A8H         PUBLIC        IE
  C:1367H         PUBLIC        drawGUI
  D:00B8H         PUBLIC        IP
  C:12EDH         PUBLIC        main
  D:002BH         PUBLIC        servo1_Angle
  D:002DH         PUBLIC        menuIndex
  D:0098H         PUBLIC        SCON
  D:0088H         PUBLIC        TCON
  D:00F0H         PUBLIC        B
  D:00E0H         PUBLIC        ACC
  D:008CH         PUBLIC        TH0
  C:14A6H         PUBLIC        Timer_Routine
  D:008AH         PUBLIC        TL0
  C:1566H         PUBLIC        _GUILogic
  C:170FH         PUBLIC        drawTriWLen
  C:000AH         PUBLIC        drawTri
  B:00A0H.1       PUBLIC        servo1
  D:002FH         PUBLIC        Counter
  C:0040H         SYMBOL        OLED_F8x16
  D:00C8H         PUBLIC        T2CON
  D:00D0H         PUBLIC        PSW
  -------         PROC          TIMER_ROUTINE
  C:14A6H         LINE#         10
  C:14B9H         LINE#         12
  C:14BCH         LINE#         13
  C:14BFH         LINE#         14
  C:14C7H         LINE#         15
  C:14D5H         LINE#         17
  C:14F0H         LINE#         18
  C:14F0H         LINE#         19
  C:14F2H         LINE#         20
  C:14F4H         LINE#         22
  C:14F4H         LINE#         23
  C:14F6H         LINE#         24
  C:14F6H         LINE#         25
  -------         ENDPROC       TIMER_ROUTINE
  -------         PROC          DRAWTRI
  C:000AH         LINE#         27
  C:000AH         LINE#         28
  C:000AH         LINE#         30
  -------         ENDPROC       DRAWTRI
  -------         PROC          DRAWTRIWLEN
BL51 BANKED LINKER/LOCATER V6.22.4.0                                                  01/22/2026  16:35:26  PAGE 5


  C:170FH         LINE#         31
  C:170FH         LINE#         32
  C:170FH         LINE#         34
  -------         ENDPROC       DRAWTRIWLEN
  -------         PROC          _GUILOGIC
  D:0006H         SYMBOL        key
  C:1566H         LINE#         35
  C:1566H         LINE#         36
  C:1566H         LINE#         37
  C:156CH         LINE#         38
  C:156CH         LINE#         39
  C:1578H         LINE#         40
  C:1584H         LINE#         41
  C:1584H         LINE#         42
  C:158CH         LINE#         43
  C:158CH         LINE#         44
  C:1595H         LINE#         45
  C:159EH         LINE#         46
  C:15A6H         LINE#         47
  C:15A6H         LINE#         48
  C:15AEH         LINE#         49
  C:15AEH         LINE#         50
  C:15B8H         LINE#         51
  C:15B8H         LINE#         53
  -------         ENDPROC       _GUILOGIC
  -------         PROC          DRAWGUI
  C:1367H         LINE#         54
  C:1367H         LINE#         55
  C:1367H         LINE#         56
  C:1369H         LINE#         57
  C:136CH         LINE#         58
  C:1372H         LINE#         59
  C:1372H         LINE#         60
  C:137FH         LINE#         61
  C:138CH         LINE#         62
  C:1399H         LINE#         63
  C:1399H         LINE#         64
  C:13A1H         LINE#         65
  C:13A1H         LINE#         66
  C:13AEH         LINE#         67
  C:13BBH         LINE#         68
  C:13BBH         LINE#         69
  C:13C3H         LINE#         70
  C:13C3H         LINE#         71
  C:13D0H         LINE#         72
  C:13DDH         LINE#         73
  C:13DDH         LINE#         74
  C:13DFH         LINE#         75
  -------         ENDPROC       DRAWGUI
  -------         PROC          MAIN
  -------         DO            
  D:0008H         SYMBOL        keyDown
  D:000AH         SYMBOL        key
  -------         ENDDO         
  C:12EDH         LINE#         76
  C:12EDH         LINE#         77
  C:12EDH         LINE#         78
BL51 BANKED LINKER/LOCATER V6.22.4.0                                                  01/22/2026  16:35:26  PAGE 6


  C:12F2H         LINE#         79
  C:12F6H         LINE#         80
  C:12F9H         LINE#         81
  C:12FCH         LINE#         82
  C:1303H         LINE#         83
  C:130CH         LINE#         85
  C:1319H         LINE#         86
  C:132FH         LINE#         87
  C:1331H         LINE#         88
  C:1331H         LINE#         89
  C:1331H         LINE#         90
  C:1337H         LINE#         91
  C:1337H         LINE#         92
  C:133EH         LINE#         93
  C:1344H         LINE#         100
  C:1350H         LINE#         101
  C:1352H         LINE#         103
  C:1352H         LINE#         104
  C:135DH         LINE#         105
  C:135DH         LINE#         106
  C:1361H         LINE#         108
  C:1365H         LINE#         109
  C:1365H         LINE#         110
  C:1365H         LINE#         111
  -------         ENDPROC       MAIN
  -------         ENDMOD        MAIN

  -------         MODULE        OLED
  C:0000H         SYMBOL        _ICE_DUMMY_
  D:0080H         PUBLIC        P0
  D:0090H         PUBLIC        P1
  D:00A0H         PUBLIC        P2
  D:00C0H         PUBLIC        XICON
  D:00B0H         PUBLIC        P3
  D:00E8H         PUBLIC        P4
  D:00A8H         PUBLIC        IE
  C:1695H         PUBLIC        _OLED_WriteData
  D:00B8H         PUBLIC        IP
  C:1182H         PUBLIC        OLED_Init
  C:1632H         PUBLIC        _OLED_ShowString
  C:1507H         PUBLIC        _OLED_ShowChar
  D:0098H         PUBLIC        SCON
  D:0088H         PUBLIC        TCON
  C:1669H         PUBLIC        _OLED_SetCursor
  C:1706H         PUBLIC        OLED_I2C_Start
  C:15B9H         PUBLIC        _OLED_Pow
  D:00F0H         PUBLIC        B
  D:00E0H         PUBLIC        ACC
  C:1605H         PUBLIC        _OLED_I2C_SendByte
  C:0003H         PUBLIC        OLED_I2C_Stop
  C:16EDH         PUBLIC        _OLED_WriteCommand
  C:13E0H         PUBLIC        _OLED_ShowNum
  B:00B0H.3       PUBLIC        OLED_SDA
  C:0630H         SYMBOL        OLED_F8x16
  D:00C8H         PUBLIC        T2CON
  B:00B0H.2       PUBLIC        OLED_SCL
  C:16BFH         PUBLIC        OLED_Clear
BL51 BANKED LINKER/LOCATER V6.22.4.0                                                  01/22/2026  16:35:26  PAGE 7


  C:1443H         PUBLIC        _OLED_DrawBMP
  D:00D0H         PUBLIC        PSW
  -------         PROC          OLED_I2C_START
  C:1706H         LINE#         17
  C:1706H         LINE#         18
  C:1706H         LINE#         19
  C:1708H         LINE#         20
  C:170AH         LINE#         21
  C:170CH         LINE#         22
  C:170EH         LINE#         23
  -------         ENDPROC       OLED_I2C_START
  -------         PROC          OLED_I2C_STOP
  C:0003H         LINE#         30
  C:0003H         LINE#         31
  C:0003H         LINE#         32
  C:0005H         LINE#         33
  C:0007H         LINE#         34
  C:0009H         LINE#         35
  -------         ENDPROC       OLED_I2C_STOP
  -------         PROC          L?0056
  -------         ENDPROC       L?0056
  -------         PROC          _OLED_I2C_SENDBYTE
  D:0005H         SYMBOL        Byte
  -------         DO            
  D:0003H         SYMBOL        i
  -------         ENDDO         
  C:1605H         LINE#         42
  C:1607H         LINE#         43
  C:1607H         LINE#         45
  C:1609H         LINE#         46
  C:1609H         LINE#         47
  C:1625H         LINE#         48
  C:1627H         LINE#         49
  C:1629H         LINE#         50
  C:162DH         LINE#         51
  C:162FH         LINE#         52
  C:1631H         LINE#         53
  -------         ENDPROC       _OLED_I2C_SENDBYTE
  -------         PROC          _OLED_WRITECOMMAND
  D:0004H         SYMBOL        Command
  C:16EDH         LINE#         60
  C:16EDH         LINE#         61
  C:16EDH         LINE#         62
  C:16EDH         LINE#         63
  C:16F0H         LINE#         64
  C:16F5H         LINE#         65
  C:16FAH         LINE#         66
  -------         ENDPROC       _OLED_WRITECOMMAND
  -------         PROC          L?0054
  -------         ENDPROC       L?0054
  -------         PROC          _OLED_WRITEDATA
  D:0004H         SYMBOL        Data
  C:1695H         LINE#         74
  C:1695H         LINE#         75
  C:1695H         LINE#         76
  C:1695H         LINE#         77
  C:1698H         LINE#         78
BL51 BANKED LINKER/LOCATER V6.22.4.0                                                  01/22/2026  16:35:26  PAGE 8


  C:169DH         LINE#         79
  C:16A2H         LINE#         80
  -------         ENDPROC       _OLED_WRITEDATA
  -------         PROC          L?0055
  -------         ENDPROC       L?0055
  -------         PROC          _OLED_SETCURSOR
  D:0007H         SYMBOL        Y
  D:0002H         SYMBOL        X
  C:1669H         LINE#         89
  C:166BH         LINE#         90
  C:166BH         LINE#         91
  C:1672H         LINE#         92
  C:167EH         LINE#         93
  -------         ENDPROC       _OLED_SETCURSOR
  -------         PROC          OLED_CLEAR
  -------         DO            
  D:0002H         SYMBOL        i
  D:0001H         SYMBOL        j
  -------         ENDDO         
  C:16BFH         LINE#         101
  C:16BFH         LINE#         102
  C:16BFH         LINE#         104
  C:16C1H         LINE#         105
  C:16C1H         LINE#         106
  C:16C8H         LINE#         107
  C:16CAH         LINE#         108
  C:16CAH         LINE#         109
  C:16CFH         LINE#         110
  C:16D3H         LINE#         111
  C:16D7H         LINE#         112
  -------         ENDPROC       OLED_CLEAR
  -------         PROC          _OLED_SHOWCHAR
  D:0014H         SYMBOL        Line
  D:0015H         SYMBOL        Column
  D:0001H         SYMBOL        Char
  -------         DO            
  D:0002H         SYMBOL        i
  -------         ENDDO         
  C:1507H         LINE#         121
  C:150DH         LINE#         122
  C:150DH         LINE#         124
  C:1515H         LINE#         125
  C:1517H         LINE#         126
  C:1517H         LINE#         127
  C:1535H         LINE#         128
  C:1539H         LINE#         129
  C:1541H         LINE#         130
  C:1543H         LINE#         131
  C:1543H         LINE#         132
  C:1561H         LINE#         133
  C:1565H         LINE#         134
  -------         ENDPROC       _OLED_SHOWCHAR
  -------         PROC          _OLED_SHOWSTRING
  D:000CH         SYMBOL        Line
  D:000DH         SYMBOL        Column
  D:000EH         SYMBOL        String
  -------         DO            
BL51 BANKED LINKER/LOCATER V6.22.4.0                                                  01/22/2026  16:35:26  PAGE 9


  D:0011H         SYMBOL        i
  -------         ENDDO         
  C:1632H         LINE#         143
  C:163CH         LINE#         144
  C:163CH         LINE#         146
  C:1651H         LINE#         147
  C:1651H         LINE#         148
  C:165BH         LINE#         149
  C:165FH         LINE#         150
  -------         ENDPROC       _OLED_SHOWSTRING
  -------         PROC          _OLED_POW
  D:0014H         SYMBOL        X
  D:0018H         SYMBOL        Y
  -------         DO            
  D:001CH         SYMBOL        Result
  -------         ENDDO         
  C:15B9H         LINE#         158
  C:15C1H         LINE#         159
  C:15C1H         LINE#         160
  C:15CBH         LINE#         161
  C:15D8H         LINE#         162
  C:15D8H         LINE#         163
  C:15F3H         LINE#         164
  C:15F5H         LINE#         165
  C:15FDH         LINE#         166
  -------         ENDPROC       _OLED_POW
  -------         PROC          _OLED_SHOWNUM
  D:000CH         SYMBOL        Line
  D:000DH         SYMBOL        Column
  D:000EH         SYMBOL        Number
  D:0012H         SYMBOL        Length
  -------         DO            
  D:0013H         SYMBOL        i
  -------         ENDDO         
  C:13E0H         LINE#         176
  C:13E4H         LINE#         177
  C:13E4H         LINE#         179
  C:13EEH         LINE#         180
  C:13EEH         LINE#         181
  C:143EH         LINE#         182
  C:1442H         LINE#         183
  -------         ENDPROC       _OLED_SHOWNUM
  -------         PROC          _OLED_DRAWBMP
  D:0020H         SYMBOL        x0
  D:0005H         SYMBOL        y0
  D:0022H         SYMBOL        x1
  D:0023H         SYMBOL        y1
  D:0024H         SYMBOL        BMP
  -------         DO            
  D:0027H         SYMBOL        j
  D:0029H         SYMBOL        x
  D:002AH         SYMBOL        y
  -------         ENDDO         
  C:1443H         LINE#         271
  C:1447H         LINE#         272
  C:1447H         LINE#         273
  C:144CH         LINE#         276
BL51 BANKED LINKER/LOCATER V6.22.4.0                                                  01/22/2026  16:35:26  PAGE 10


  C:145DH         LINE#         277
  C:1467H         LINE#         278
  C:1470H         LINE#         279
  C:1470H         LINE#         280
  C:1477H         LINE#         281
  C:1481H         LINE#         282
  C:1481H         LINE#         283
  C:149DH         LINE#         284
  C:14A1H         LINE#         285
  C:14A5H         LINE#         286
  -------         ENDPROC       _OLED_DRAWBMP
  -------         PROC          OLED_INIT
  -------         DO            
  D:000CH         SYMBOL        i
  D:0010H         SYMBOL        j
  -------         ENDDO         
  C:1182H         LINE#         294
  C:1182H         LINE#         295
  C:1182H         LINE#         298
  C:119FH         LINE#         299
  C:119FH         LINE#         300
  C:11D4H         LINE#         301
  C:11EBH         LINE#         303
  C:11F0H         LINE#         305
  C:11F5H         LINE#         306
  C:11FAH         LINE#         308
  C:11FFH         LINE#         309
  C:1204H         LINE#         311
  C:1209H         LINE#         312
  C:120EH         LINE#         314
  C:1213H         LINE#         316
  C:1218H         LINE#         318
  C:121DH         LINE#         320
  C:1222H         LINE#         321
  C:1227H         LINE#         323
  C:122CH         LINE#         324
  C:1231H         LINE#         326
  C:1236H         LINE#         327
  C:123BH         LINE#         329
  C:1240H         LINE#         330
  C:1245H         LINE#         332
  C:124AH         LINE#         334
  C:124FH         LINE#         336
  C:1254H         LINE#         337
  C:1259H         LINE#         339
  C:125EH         LINE#         341
  -------         ENDPROC       OLED_INIT
  -------         ENDMOD        OLED

  -------         MODULE        KEYBOARD
  C:0000H         SYMBOL        _ICE_DUMMY_
  D:0080H         PUBLIC        P0
  D:0090H         PUBLIC        P1
  D:00A0H         PUBLIC        P2
  D:00C0H         PUBLIC        XICON
  D:00B0H         PUBLIC        P3
  D:00E8H         PUBLIC        P4
BL51 BANKED LINKER/LOCATER V6.22.4.0                                                  01/22/2026  16:35:26  PAGE 11


  D:00A8H         PUBLIC        IE
  C:109AH         PUBLIC        _scanKeyRelease
  D:00B8H         PUBLIC        IP
  B:0090H.0       PUBLIC        P10
  B:0090H.1       PUBLIC        P11
  B:0090H.2       PUBLIC        P12
  D:0098H         PUBLIC        SCON
  B:0090H.3       PUBLIC        P13
  B:0090H.4       PUBLIC        P14
  D:0088H         PUBLIC        TCON
  B:0090H.5       PUBLIC        P15
  B:0090H.6       PUBLIC        P16
  B:0090H.7       PUBLIC        P17
  D:00F0H         PUBLIC        B
  D:00E0H         PUBLIC        ACC
  C:0F95H         PUBLIC        scanKeyPress
  D:00C8H         PUBLIC        T2CON
  C:0DF0H         PUBLIC        scankey
  D:00D0H         PUBLIC        PSW
  -------         PROC          SCANKEY
  C:0DF0H         LINE#         5
  C:0DF0H         LINE#         6
  C:0DF0H         LINE#         7
  C:0DF3H         LINE#         8
  C:0DF5H         LINE#         9
  C:0E0EH         LINE#         10
  C:0E27H         LINE#         11
  C:0E40H         LINE#         12
  C:0E59H         LINE#         13
  C:0E5BH         LINE#         14
  C:0E5DH         LINE#         15
  C:0E76H         LINE#         16
  C:0E8FH         LINE#         17
  C:0EA8H         LINE#         18
  C:0EC1H         LINE#         19
  C:0EC3H         LINE#         20
  C:0EC5H         LINE#         21
  C:0EDEH         LINE#         22
  C:0EF7H         LINE#         23
  C:0F10H         LINE#         24
  C:0F29H         LINE#         25
  C:0F2BH         LINE#         26
  C:0F2DH         LINE#         27
  C:0F46H         LINE#         28
  C:0F5FH         LINE#         29
  C:0F78H         LINE#         30
  C:0F91H         LINE#         31
  C:0F94H         LINE#         32
  -------         ENDPROC       SCANKEY
  -------         PROC          SCANKEYPRESS
  C:0F95H         LINE#         33
  C:0F95H         LINE#         34
  C:0F95H         LINE#         35
  C:0F98H         LINE#         36
  C:0F9AH         LINE#         37
  C:0FA9H         LINE#         38
  C:0FB8H         LINE#         39
BL51 BANKED LINKER/LOCATER V6.22.4.0                                                  01/22/2026  16:35:26  PAGE 12


  C:0FC7H         LINE#         40
  C:0FD6H         LINE#         41
  C:0FD8H         LINE#         42
  C:0FDAH         LINE#         43
  C:0FE9H         LINE#         44
  C:0FF8H         LINE#         45
  C:1007H         LINE#         46
  C:1016H         LINE#         47
  C:1018H         LINE#         48
  C:101AH         LINE#         49
  C:1029H         LINE#         50
  C:1038H         LINE#         51
  C:1047H         LINE#         52
  C:1056H         LINE#         53
  C:1058H         LINE#         54
  C:105AH         LINE#         55
  C:1069H         LINE#         56
  C:1078H         LINE#         57
  C:1087H         LINE#         58
  C:1096H         LINE#         59
  C:1099H         LINE#         60
  -------         ENDPROC       SCANKEYPRESS
  -------         PROC          _SCANKEYRELEASE
  D:0006H         SYMBOL        prev
  -------         DO            
  D:000CH         SYMBOL        line
  -------         ENDDO         
  C:109AH         LINE#         61
  C:109AH         LINE#         62
  C:109AH         LINE#         64
  C:109DH         LINE#         65
  C:10EBH         LINE#         66
  C:10EFH         LINE#         67
  C:10F3H         LINE#         68
  C:10F7H         LINE#         69
  C:1101H         LINE#         70
  C:1105H         LINE#         71
  C:1109H         LINE#         72
  C:110DH         LINE#         73
  C:1117H         LINE#         74
  C:111BH         LINE#         75
  C:111FH         LINE#         76
  C:1123H         LINE#         77
  C:112DH         LINE#         78
  C:1131H         LINE#         79
  C:1135H         LINE#         80
  C:1139H         LINE#         81
  C:1141H         LINE#         82
  C:1141H         LINE#         83
  C:114EH         LINE#         84
  C:115BH         LINE#         85
  C:1168H         LINE#         86
  C:1177H         LINE#         87
  C:117EH         LINE#         88
  C:1181H         LINE#         89
  -------         ENDPROC       _SCANKEYRELEASE
  -------         ENDMOD        KEYBOARD
BL51 BANKED LINKER/LOCATER V6.22.4.0                                                  01/22/2026  16:35:26  PAGE 13



  -------         MODULE        PWM
  C:0000H         SYMBOL        _ICE_DUMMY_
  D:0080H         PUBLIC        P0
  D:0090H         PUBLIC        P1
  D:00A0H         PUBLIC        P2
  D:00C0H         PUBLIC        XICON
  D:00B0H         PUBLIC        P3
  D:00E8H         PUBLIC        P4
  B:00A8H.7       PUBLIC        EA
  D:00A8H         PUBLIC        IE
  D:00B8H         PUBLIC        IP
  D:0098H         PUBLIC        SCON
  D:0089H         PUBLIC        TMOD
  D:0088H         PUBLIC        TCON
  D:00F0H         PUBLIC        B
  D:00E0H         PUBLIC        ACC
  B:00A8H.1       PUBLIC        ET0
  B:0088H.5       PUBLIC        TF0
  D:008CH         PUBLIC        TH0
  D:008AH         PUBLIC        TL0
  B:0088H.4       PUBLIC        TR0
  D:00C8H         PUBLIC        T2CON
  C:16D8H         PUBLIC        PWM_Init
  D:00D0H         PUBLIC        PSW
  -------         PROC          PWM_INIT
  C:16D8H         LINE#         3
  C:16D8H         LINE#         4
  C:16D8H         LINE#         5
  C:16DBH         LINE#         6
  C:16DEH         LINE#         7
  C:16E1H         LINE#         8
  C:16E4H         LINE#         9
  C:16E6H         LINE#         10
  C:16E8H         LINE#         11
  C:16EAH         LINE#         12
  C:16ECH         LINE#         13
  -------         ENDPROC       PWM_INIT
  -------         ENDMOD        PWM

  -------         MODULE        ?C?CLDOPTR
  C:0C20H         PUBLIC        ?C?CLDOPTR
  -------         ENDMOD        ?C?CLDOPTR

  -------         MODULE        ?C?UIDIV
  C:0C4DH         PUBLIC        ?C?UIDIV
  -------         ENDMOD        ?C?UIDIV

  -------         MODULE        ?C?LMUL
  C:0CA2H         PUBLIC        ?C?LMUL
  -------         ENDMOD        ?C?LMUL

  -------         MODULE        ?C?ULDIV
  C:0D2DH         PUBLIC        ?C?ULDIV
  -------         ENDMOD        ?C?ULDIV

  -------         MODULE        ?C?ULCMP
BL51 BANKED LINKER/LOCATER V6.22.4.0                                                  01/22/2026  16:35:26  PAGE 14


  C:0DBFH         PUBLIC        ?C?ULCMP
  -------         ENDMOD        ?C?ULCMP

  -------         MODULE        ?C?LLDIIDATA
  C:0DD9H         PUBLIC        ?C?LLDIIDATA
  C:0DD0H         PUBLIC        ?C?LLDIIDATA1
  C:0DD2H         PUBLIC        ?C?LLDIIDATA8
  -------         ENDMOD        ?C?LLDIIDATA

*** WARNING L16: UNCALLED SEGMENT, IGNORED FOR OVERLAY PROCESS
    SEGMENT: ?PR?_OLED_DRAWBMP?OLED

*** WARNING L16: UNCALLED SEGMENT, IGNORED FOR OVERLAY PROCESS
    SEGMENT: ?PR?SCANKEY?KEYBOARD

Program Size: data=50.0 xdata=0 code=5904
LINK/LOCATE RUN COMPLETE.  2 WARNING(S),  0 ERROR(S)
