BL51 BANKED LINKER/LOCATER V6.22.4.0                                                    01/22/2026  12:28:59  PAGE 1


BL51 BANKED LINKER/LOCATER V6.22.4.0, INVOKED BY:
D:\RM MAIN SOFTWARES\KEIL5C51\C51\BIN\BL51.EXE .\Objects\delay.obj, .\Objects\main.obj, .\Objects\OLED.obj, .\Objects\ke
>> yboard.obj TO .\Objects\prj PRINT (.\Listings\prj.m51) RAMSIZE (256)


MEMORY MODEL: SMALL


INPUT MODULES INCLUDED:
  .\Objects\delay.obj (DELAY)
  .\Objects\main.obj (MAIN)
  .\Objects\OLED.obj (OLED)
  .\Objects\keyboard.obj (KEYBOARD)
  D:\RM MAIN SOFTWARES\KEIL5C51\C51\LIB\C51S.LIB (?C_STARTUP)
  D:\RM MAIN SOFTWARES\KEIL5C51\C51\LIB\C51S.LIB (?C?CLDOPTR)
  D:\RM MAIN SOFTWARES\KEIL5C51\C51\LIB\C51S.LIB (?C?LMUL)
  D:\RM MAIN SOFTWARES\KEIL5C51\C51\LIB\C51S.LIB (?C?ULDIV)
  D:\RM MAIN SOFTWARES\KEIL5C51\C51\LIB\C51S.LIB (?C?ULCMP)
  D:\RM MAIN SOFTWARES\KEIL5C51\C51\LIB\C51S.LIB (?C?LLDIIDATA)


LINK MAP OF MODULE:  .\Objects\prj (DELAY)


            TYPE    BASE      LENGTH    RELOCATION   SEGMENT NAME
            -----------------------------------------------------

            * * * * * * *   D A T A   M E M O R Y   * * * * * * *
            REG     0000H     0008H     ABSOLUTE     "REG BANK 0"
            DATA    0008H     0018H     UNIT         _DATA_GROUP_
            DATA    0020H     000BH     UNIT         ?DT?_OLED_DRAWBMP?OLED
            IDATA   002BH     0001H     UNIT         ?STACK

            * * * * * * *   C O D E   M E M O R Y   * * * * * * *
            CODE    0000H     0003H     ABSOLUTE     
            CODE    0003H     05F5H     UNIT         ?CO?MAIN
            CODE    05F8H     05F0H     UNIT         ?CO?OLED
            CODE    0BE8H     01A5H     UNIT         ?PR?SCANKEY?KEYBOARD
            CODE    0D8DH     017BH     UNIT         ?C?LIB_CODE
            CODE    0F08H     0105H     UNIT         ?PR?SCANKEYPRESS?KEYBOARD
            CODE    100DH     00E8H     UNIT         ?PR?_SCANKEYRELEASE?KEYBOARD
            CODE    10F5H     00DFH     UNIT         ?PR?OLED_INIT?OLED
            CODE    11D4H     008AH     UNIT         ?PR?MAIN?MAIN
            CODE    125EH     0063H     UNIT         ?PR?_OLED_SHOWNUM?OLED
            CODE    12C1H     0063H     UNIT         ?PR?_OLED_DRAWBMP?OLED
            CODE    1324H     005FH     UNIT         ?PR?_OLED_SHOWCHAR?OLED
            CODE    1383H     0045H     UNIT         ?PR?_OLED_POW?OLED
            CODE    13C8H     0034H     UNIT         ?PR?_OLED_I2C_SENDBYTE?OLED
            CODE    13FCH     002EH     UNIT         ?PR?_OLED_SHOWSTRING?OLED
            CODE    142AH     0025H     UNIT         ?PR?_OLED_SETCURSOR?OLED
            CODE    144FH     0020H     UNIT         ?PR?_OLED_WRITEDATA?OLED
            CODE    146FH     001AH     UNIT         ?PR?_DELAY?DELAY
            CODE    1489H     0019H     UNIT         ?PR?OLED_CLEAR?OLED
            CODE    14A2H     0010H     UNIT         ?PR?_OLED_WRITECOMMAND?OLED
            CODE    14B2H     000CH     UNIT         ?C_C51STARTUP
            CODE    14BEH     0009H     UNIT         ?PR?OLED_I2C_START?OLED
            CODE    14C7H     0007H     UNIT         ?PR?OLED_I2C_STOP?OLED

BL51 BANKED LINKER/LOCATER V6.22.4.0                                                  01/22/2026  12:28:59  PAGE 2




OVERLAY MAP OF MODULE:   .\Objects\prj (DELAY)


SEGMENT                                DATA_GROUP 
  +--> CALLED SEGMENT                START    LENGTH
----------------------------------------------------
?C_C51STARTUP                        -----    -----
  +--> ?PR?MAIN?MAIN

?PR?MAIN?MAIN                        0008H    0004H
  +--> ?PR?OLED_INIT?OLED
  +--> ?PR?OLED_CLEAR?OLED
  +--> ?PR?_DELAY?DELAY
  +--> ?PR?_OLED_SHOWCHAR?OLED
  +--> ?CO?MAIN
  +--> ?PR?_OLED_SHOWSTRING?OLED
  +--> ?PR?SCANKEYPRESS?KEYBOARD
  +--> ?PR?_OLED_SHOWNUM?OLED
  +--> ?PR?_SCANKEYRELEASE?KEYBOARD

?PR?OLED_INIT?OLED                   000CH    0008H
  +--> ?PR?_OLED_WRITECOMMAND?OLED
  +--> ?PR?OLED_CLEAR?OLED

?PR?_OLED_WRITECOMMAND?OLED          -----    -----
  +--> ?PR?_OLED_I2C_SENDBYTE?OLED
  +--> ?PR?OLED_I2C_STOP?OLED

?PR?_OLED_I2C_SENDBYTE?OLED          -----    -----
  +--> ?PR?OLED_I2C_START?OLED

?PR?OLED_CLEAR?OLED                  -----    -----
  +--> ?PR?_OLED_SETCURSOR?OLED
  +--> ?PR?_OLED_WRITEDATA?OLED

?PR?_OLED_SETCURSOR?OLED             -----    -----
  +--> ?PR?_OLED_WRITECOMMAND?OLED

?PR?_OLED_WRITEDATA?OLED             -----    -----
  +--> ?PR?_OLED_I2C_SENDBYTE?OLED
  +--> ?PR?OLED_I2C_STOP?OLED

?PR?_OLED_SHOWCHAR?OLED              0014H    0002H
  +--> ?PR?_OLED_SETCURSOR?OLED
  +--> ?CO?OLED
  +--> ?PR?_OLED_WRITEDATA?OLED

?PR?_OLED_SHOWSTRING?OLED            000CH    0006H
  +--> ?PR?_OLED_SHOWCHAR?OLED

?PR?SCANKEYPRESS?KEYBOARD            -----    -----
  +--> ?PR?_DELAY?DELAY

?PR?_OLED_SHOWNUM?OLED               000CH    0008H
  +--> ?PR?_OLED_POW?OLED
BL51 BANKED LINKER/LOCATER V6.22.4.0                                                  01/22/2026  12:28:59  PAGE 3


  +--> ?PR?_OLED_SHOWCHAR?OLED

?PR?_OLED_POW?OLED                   0014H    000CH

?PR?_SCANKEYRELEASE?KEYBOARD         000CH    0002H
  +--> ?PR?_DELAY?DELAY



SYMBOL TABLE OF MODULE:  .\Objects\prj (DELAY)

  VALUE           TYPE          NAME
  ----------------------------------

  -------         MODULE        DELAY
  C:0000H         SYMBOL        _ICE_DUMMY_
  C:146FH         PUBLIC        _delay
  -------         PROC          _DELAY
  D:0006H         SYMBOL        x
  -------         DO            
  D:0005H         SYMBOL        i
  D:0004H         SYMBOL        j
  -------         ENDDO         
  C:146FH         LINE#         3
  C:146FH         LINE#         4
  C:146FH         LINE#         6
  C:1478H         LINE#         7
  C:1478H         LINE#         8
  C:1479H         LINE#         9
  C:147BH         LINE#         10
  C:147DH         LINE#         12
  C:147DH         LINE#         13
  C:147FH         LINE#         14
  C:1481H         LINE#         15
  C:1486H         LINE#         16
  C:1488H         LINE#         17
  -------         ENDPROC       _DELAY
  -------         ENDMOD        DELAY

  -------         MODULE        MAIN
  C:0000H         SYMBOL        _ICE_DUMMY_
  D:0080H         PUBLIC        P0
  D:0090H         PUBLIC        P1
  D:00A0H         PUBLIC        P2
  D:00C0H         PUBLIC        XICON
  D:00B0H         PUBLIC        P3
  D:00E8H         PUBLIC        P4
  D:00A8H         PUBLIC        IE
  D:00B8H         PUBLIC        IP
  C:11D4H         PUBLIC        main
  B:00A0H.1       PUBLIC        P21
  D:0098H         PUBLIC        SCON
  D:0088H         PUBLIC        TCON
  D:00F0H         PUBLIC        B
  D:00E0H         PUBLIC        ACC
  C:0008H         SYMBOL        OLED_F8x16
  D:00C8H         PUBLIC        T2CON
BL51 BANKED LINKER/LOCATER V6.22.4.0                                                  01/22/2026  12:28:59  PAGE 4


  D:00D0H         PUBLIC        PSW
  -------         PROC          MAIN
  -------         DO            
  D:0008H         SYMBOL        keyDown
  D:000AH         SYMBOL        key
  -------         ENDDO         
  C:11D4H         LINE#         7
  C:11D4H         LINE#         8
  C:11D4H         LINE#         9
  C:11D9H         LINE#         10
  C:11DDH         LINE#         11
  C:11E0H         LINE#         12
  C:11E3H         LINE#         13
  C:11EAH         LINE#         14
  C:11F3H         LINE#         15
  C:11F5H         LINE#         16
  C:1202H         LINE#         17
  C:1217H         LINE#         18
  C:1217H         LINE#         19
  C:1217H         LINE#         20
  C:121DH         LINE#         21
  C:121DH         LINE#         22
  C:1224H         LINE#         23
  C:122AH         LINE#         24
  C:1230H         LINE#         25
  C:1230H         LINE#         26
  C:1243H         LINE#         27
  C:1243H         LINE#         28
  C:1245H         LINE#         30
  C:1245H         LINE#         31
  C:1250H         LINE#         32
  C:1250H         LINE#         33
  C:1254H         LINE#         34
  C:1257H         LINE#         35
  C:125CH         LINE#         36
  C:125CH         LINE#         37
  C:125CH         LINE#         38
  -------         ENDPROC       MAIN
  -------         ENDMOD        MAIN

  -------         MODULE        OLED
  C:0000H         SYMBOL        _ICE_DUMMY_
  D:0080H         PUBLIC        P0
  D:0090H         PUBLIC        P1
  D:00A0H         PUBLIC        P2
  D:00C0H         PUBLIC        XICON
  D:00B0H         PUBLIC        P3
  D:00E8H         PUBLIC        P4
  D:00A8H         PUBLIC        IE
  C:145FH         PUBLIC        _OLED_WriteData
  D:00B8H         PUBLIC        IP
  C:10F5H         PUBLIC        OLED_Init
  C:13FCH         PUBLIC        _OLED_ShowString
  C:1324H         PUBLIC        _OLED_ShowChar
  D:0098H         PUBLIC        SCON
  D:0088H         PUBLIC        TCON
  C:1433H         PUBLIC        _OLED_SetCursor
BL51 BANKED LINKER/LOCATER V6.22.4.0                                                  01/22/2026  12:28:59  PAGE 5


  C:14BEH         PUBLIC        OLED_I2C_Start
  C:1383H         PUBLIC        _OLED_Pow
  D:00F0H         PUBLIC        B
  D:00E0H         PUBLIC        ACC
  C:13CFH         PUBLIC        _OLED_I2C_SendByte
  C:14C7H         PUBLIC        OLED_I2C_Stop
  C:14A2H         PUBLIC        _OLED_WriteCommand
  C:125EH         PUBLIC        _OLED_ShowNum
  B:00B0H.3       PUBLIC        OLED_SDA
  C:05F8H         SYMBOL        OLED_F8x16
  D:00C8H         PUBLIC        T2CON
  B:00B0H.2       PUBLIC        OLED_SCL
  C:1489H         PUBLIC        OLED_Clear
  C:12C1H         PUBLIC        _OLED_DrawBMP
  D:00D0H         PUBLIC        PSW
  -------         PROC          OLED_I2C_START
  C:14BEH         LINE#         17
  C:14BEH         LINE#         18
  C:14BEH         LINE#         19
  C:14C0H         LINE#         20
  C:14C2H         LINE#         21
  C:14C4H         LINE#         22
  C:14C6H         LINE#         23
  -------         ENDPROC       OLED_I2C_START
  -------         PROC          OLED_I2C_STOP
  C:14C7H         LINE#         30
  C:14C7H         LINE#         31
  C:14C7H         LINE#         32
  C:14C9H         LINE#         33
  C:14CBH         LINE#         34
  C:14CDH         LINE#         35
  -------         ENDPROC       OLED_I2C_STOP
  -------         PROC          L?0056
  -------         ENDPROC       L?0056
  -------         PROC          _OLED_I2C_SENDBYTE
  D:0005H         SYMBOL        Byte
  -------         DO            
  D:0003H         SYMBOL        i
  -------         ENDDO         
  C:13CFH         LINE#         42
  C:13D1H         LINE#         43
  C:13D1H         LINE#         45
  C:13D3H         LINE#         46
  C:13D3H         LINE#         47
  C:13EFH         LINE#         48
  C:13F1H         LINE#         49
  C:13F3H         LINE#         50
  C:13F7H         LINE#         51
  C:13F9H         LINE#         52
  C:13FBH         LINE#         53
  -------         ENDPROC       _OLED_I2C_SENDBYTE
  -------         PROC          _OLED_WRITECOMMAND
  D:0004H         SYMBOL        Command
  C:14A2H         LINE#         60
  C:14A2H         LINE#         61
  C:14A2H         LINE#         62
  C:14A2H         LINE#         63
BL51 BANKED LINKER/LOCATER V6.22.4.0                                                  01/22/2026  12:28:59  PAGE 6


  C:14A5H         LINE#         64
  C:14AAH         LINE#         65
  C:14AFH         LINE#         66
  -------         ENDPROC       _OLED_WRITECOMMAND
  -------         PROC          L?0054
  -------         ENDPROC       L?0054
  -------         PROC          _OLED_WRITEDATA
  D:0004H         SYMBOL        Data
  C:145FH         LINE#         74
  C:145FH         LINE#         75
  C:145FH         LINE#         76
  C:145FH         LINE#         77
  C:1462H         LINE#         78
  C:1467H         LINE#         79
  C:146CH         LINE#         80
  -------         ENDPROC       _OLED_WRITEDATA
  -------         PROC          L?0055
  -------         ENDPROC       L?0055
  -------         PROC          _OLED_SETCURSOR
  D:0007H         SYMBOL        Y
  D:0002H         SYMBOL        X
  C:1433H         LINE#         89
  C:1435H         LINE#         90
  C:1435H         LINE#         91
  C:143CH         LINE#         92
  C:1448H         LINE#         93
  -------         ENDPROC       _OLED_SETCURSOR
  -------         PROC          OLED_CLEAR
  -------         DO            
  D:0002H         SYMBOL        i
  D:0001H         SYMBOL        j
  -------         ENDDO         
  C:1489H         LINE#         101
  C:1489H         LINE#         102
  C:1489H         LINE#         104
  C:148BH         LINE#         105
  C:148BH         LINE#         106
  C:1492H         LINE#         107
  C:1494H         LINE#         108
  C:1494H         LINE#         109
  C:1499H         LINE#         110
  C:149DH         LINE#         111
  C:14A1H         LINE#         112
  -------         ENDPROC       OLED_CLEAR
  -------         PROC          _OLED_SHOWCHAR
  D:0014H         SYMBOL        Line
  D:0015H         SYMBOL        Column
  D:0001H         SYMBOL        Char
  -------         DO            
  D:0002H         SYMBOL        i
  -------         ENDDO         
  C:1324H         LINE#         121
  C:132AH         LINE#         122
  C:132AH         LINE#         124
  C:1332H         LINE#         125
  C:1334H         LINE#         126
  C:1334H         LINE#         127
BL51 BANKED LINKER/LOCATER V6.22.4.0                                                  01/22/2026  12:28:59  PAGE 7


  C:1352H         LINE#         128
  C:1356H         LINE#         129
  C:135EH         LINE#         130
  C:1360H         LINE#         131
  C:1360H         LINE#         132
  C:137EH         LINE#         133
  C:1382H         LINE#         134
  -------         ENDPROC       _OLED_SHOWCHAR
  -------         PROC          _OLED_SHOWSTRING
  D:000CH         SYMBOL        Line
  D:000DH         SYMBOL        Column
  D:000EH         SYMBOL        String
  -------         DO            
  D:0011H         SYMBOL        i
  -------         ENDDO         
  C:13FCH         LINE#         143
  C:1406H         LINE#         144
  C:1406H         LINE#         146
  C:141BH         LINE#         147
  C:141BH         LINE#         148
  C:1425H         LINE#         149
  C:1429H         LINE#         150
  -------         ENDPROC       _OLED_SHOWSTRING
  -------         PROC          _OLED_POW
  D:0014H         SYMBOL        X
  D:0018H         SYMBOL        Y
  -------         DO            
  D:001CH         SYMBOL        Result
  -------         ENDDO         
  C:1383H         LINE#         158
  C:138BH         LINE#         159
  C:138BH         LINE#         160
  C:1395H         LINE#         161
  C:13A2H         LINE#         162
  C:13A2H         LINE#         163
  C:13BDH         LINE#         164
  C:13BFH         LINE#         165
  C:13C7H         LINE#         166
  -------         ENDPROC       _OLED_POW
  -------         PROC          _OLED_SHOWNUM
  D:000CH         SYMBOL        Line
  D:000DH         SYMBOL        Column
  D:000EH         SYMBOL        Number
  D:0012H         SYMBOL        Length
  -------         DO            
  D:0013H         SYMBOL        i
  -------         ENDDO         
  C:125EH         LINE#         176
  C:1262H         LINE#         177
  C:1262H         LINE#         179
  C:126CH         LINE#         180
  C:126CH         LINE#         181
  C:12BCH         LINE#         182
  C:12C0H         LINE#         183
  -------         ENDPROC       _OLED_SHOWNUM
  -------         PROC          _OLED_DRAWBMP
  D:0020H         SYMBOL        x0
BL51 BANKED LINKER/LOCATER V6.22.4.0                                                  01/22/2026  12:28:59  PAGE 8


  D:0005H         SYMBOL        y0
  D:0022H         SYMBOL        x1
  D:0023H         SYMBOL        y1
  D:0024H         SYMBOL        BMP
  -------         DO            
  D:0027H         SYMBOL        j
  D:0029H         SYMBOL        x
  D:002AH         SYMBOL        y
  -------         ENDDO         
  C:12C1H         LINE#         271
  C:12C5H         LINE#         272
  C:12C5H         LINE#         273
  C:12CAH         LINE#         276
  C:12DBH         LINE#         277
  C:12E5H         LINE#         278
  C:12EEH         LINE#         279
  C:12EEH         LINE#         280
  C:12F5H         LINE#         281
  C:12FFH         LINE#         282
  C:12FFH         LINE#         283
  C:131BH         LINE#         284
  C:131FH         LINE#         285
  C:1323H         LINE#         286
  -------         ENDPROC       _OLED_DRAWBMP
  -------         PROC          OLED_INIT
  -------         DO            
  D:000CH         SYMBOL        i
  D:0010H         SYMBOL        j
  -------         ENDDO         
  C:10F5H         LINE#         294
  C:10F5H         LINE#         295
  C:10F5H         LINE#         298
  C:1112H         LINE#         299
  C:1112H         LINE#         300
  C:1147H         LINE#         301
  C:115EH         LINE#         303
  C:1163H         LINE#         305
  C:1168H         LINE#         306
  C:116DH         LINE#         308
  C:1172H         LINE#         309
  C:1177H         LINE#         311
  C:117CH         LINE#         312
  C:1181H         LINE#         314
  C:1186H         LINE#         316
  C:118BH         LINE#         318
  C:1190H         LINE#         320
  C:1195H         LINE#         321
  C:119AH         LINE#         323
  C:119FH         LINE#         324
  C:11A4H         LINE#         326
  C:11A9H         LINE#         327
  C:11AEH         LINE#         329
  C:11B3H         LINE#         330
  C:11B8H         LINE#         332
  C:11BDH         LINE#         334
  C:11C2H         LINE#         336
  C:11C7H         LINE#         337
BL51 BANKED LINKER/LOCATER V6.22.4.0                                                  01/22/2026  12:28:59  PAGE 9


  C:11CCH         LINE#         339
  C:11D1H         LINE#         341
  -------         ENDPROC       OLED_INIT
  -------         ENDMOD        OLED

  -------         MODULE        KEYBOARD
  C:0000H         SYMBOL        _ICE_DUMMY_
  D:0080H         PUBLIC        P0
  D:0090H         PUBLIC        P1
  D:00A0H         PUBLIC        P2
  D:00C0H         PUBLIC        XICON
  D:00B0H         PUBLIC        P3
  D:00E8H         PUBLIC        P4
  D:00A8H         PUBLIC        IE
  C:100DH         PUBLIC        _scanKeyRelease
  D:00B8H         PUBLIC        IP
  B:0090H.0       PUBLIC        P10
  B:0090H.1       PUBLIC        P11
  B:0090H.2       PUBLIC        P12
  D:0098H         PUBLIC        SCON
  B:0090H.3       PUBLIC        P13
  B:0090H.4       PUBLIC        P14
  D:0088H         PUBLIC        TCON
  B:0090H.5       PUBLIC        P15
  B:0090H.6       PUBLIC        P16
  B:0090H.7       PUBLIC        P17
  D:00F0H         PUBLIC        B
  D:00E0H         PUBLIC        ACC
  C:0F08H         PUBLIC        scanKeyPress
  D:00C8H         PUBLIC        T2CON
  C:0BE8H         PUBLIC        scankey
  D:00D0H         PUBLIC        PSW
  -------         PROC          SCANKEY
  C:0BE8H         LINE#         5
  C:0BE8H         LINE#         6
  C:0BE8H         LINE#         7
  C:0BEBH         LINE#         8
  C:0BEDH         LINE#         9
  C:0C06H         LINE#         10
  C:0C1FH         LINE#         11
  C:0C38H         LINE#         12
  C:0C51H         LINE#         13
  C:0C53H         LINE#         14
  C:0C55H         LINE#         15
  C:0C6EH         LINE#         16
  C:0C87H         LINE#         17
  C:0CA0H         LINE#         18
  C:0CB9H         LINE#         19
  C:0CBBH         LINE#         20
  C:0CBDH         LINE#         21
  C:0CD6H         LINE#         22
  C:0CEFH         LINE#         23
  C:0D08H         LINE#         24
  C:0D21H         LINE#         25
  C:0D23H         LINE#         26
  C:0D25H         LINE#         27
  C:0D3EH         LINE#         28
BL51 BANKED LINKER/LOCATER V6.22.4.0                                                  01/22/2026  12:28:59  PAGE 10


  C:0D57H         LINE#         29
  C:0D70H         LINE#         30
  C:0D89H         LINE#         31
  C:0D8CH         LINE#         32
  -------         ENDPROC       SCANKEY
  -------         PROC          SCANKEYPRESS
  C:0F08H         LINE#         33
  C:0F08H         LINE#         34
  C:0F08H         LINE#         35
  C:0F0BH         LINE#         36
  C:0F0DH         LINE#         37
  C:0F1CH         LINE#         38
  C:0F2BH         LINE#         39
  C:0F3AH         LINE#         40
  C:0F49H         LINE#         41
  C:0F4BH         LINE#         42
  C:0F4DH         LINE#         43
  C:0F5CH         LINE#         44
  C:0F6BH         LINE#         45
  C:0F7AH         LINE#         46
  C:0F89H         LINE#         47
  C:0F8BH         LINE#         48
  C:0F8DH         LINE#         49
  C:0F9CH         LINE#         50
  C:0FABH         LINE#         51
  C:0FBAH         LINE#         52
  C:0FC9H         LINE#         53
  C:0FCBH         LINE#         54
  C:0FCDH         LINE#         55
  C:0FDCH         LINE#         56
  C:0FEBH         LINE#         57
  C:0FFAH         LINE#         58
  C:1009H         LINE#         59
  C:100CH         LINE#         60
  -------         ENDPROC       SCANKEYPRESS
  -------         PROC          _SCANKEYRELEASE
  D:0006H         SYMBOL        prev
  -------         DO            
  D:000CH         SYMBOL        line
  -------         ENDDO         
  C:100DH         LINE#         61
  C:100DH         LINE#         62
  C:100DH         LINE#         64
  C:1010H         LINE#         65
  C:105EH         LINE#         66
  C:1062H         LINE#         67
  C:1066H         LINE#         68
  C:106AH         LINE#         69
  C:1074H         LINE#         70
  C:1078H         LINE#         71
  C:107CH         LINE#         72
  C:1080H         LINE#         73
  C:108AH         LINE#         74
  C:108EH         LINE#         75
  C:1092H         LINE#         76
  C:1096H         LINE#         77
  C:10A0H         LINE#         78
BL51 BANKED LINKER/LOCATER V6.22.4.0                                                  01/22/2026  12:28:59  PAGE 11


  C:10A4H         LINE#         79
  C:10A8H         LINE#         80
  C:10ACH         LINE#         81
  C:10B4H         LINE#         82
  C:10B4H         LINE#         83
  C:10C1H         LINE#         84
  C:10CEH         LINE#         85
  C:10DBH         LINE#         86
  C:10EAH         LINE#         87
  C:10F1H         LINE#         88
  C:10F4H         LINE#         89
  -------         ENDPROC       _SCANKEYRELEASE
  -------         ENDMOD        KEYBOARD

  -------         MODULE        ?C?CLDOPTR
  C:0D8DH         PUBLIC        ?C?CLDOPTR
  -------         ENDMOD        ?C?CLDOPTR

  -------         MODULE        ?C?LMUL
  C:0DBAH         PUBLIC        ?C?LMUL
  -------         ENDMOD        ?C?LMUL

  -------         MODULE        ?C?ULDIV
  C:0E45H         PUBLIC        ?C?ULDIV
  -------         ENDMOD        ?C?ULDIV

  -------         MODULE        ?C?ULCMP
  C:0ED7H         PUBLIC        ?C?ULCMP
  -------         ENDMOD        ?C?ULCMP

  -------         MODULE        ?C?LLDIIDATA
  C:0EF1H         PUBLIC        ?C?LLDIIDATA
  C:0EE8H         PUBLIC        ?C?LLDIIDATA1
  C:0EEAH         PUBLIC        ?C?LLDIIDATA8
  -------         ENDMOD        ?C?LLDIIDATA

*** WARNING L16: UNCALLED SEGMENT, IGNORED FOR OVERLAY PROCESS
    SEGMENT: ?PR?_OLED_DRAWBMP?OLED

*** WARNING L16: UNCALLED SEGMENT, IGNORED FOR OVERLAY PROCESS
    SEGMENT: ?PR?SCANKEY?KEYBOARD

Program Size: data=44.0 xdata=0 code=5326
LINK/LOCATE RUN COMPLETE.  2 WARNING(S),  0 ERROR(S)
