C51 COMPILER V9.60.7.0   KEYBOARD                                                          01/22/2026 16:40:40 PAGE 1   


C51 COMPILER V9.60.7.0, COMPILATION OF MODULE KEYBOARD
OBJECT MODULE PLACED IN .\Objects\keyboard.obj
COMPILER INVOKED BY: D:\RM Main softwares\Keil5c51\C51\BIN\C51.EXE keyboard.c OPTIMIZE(8,SPEED) BROWSE DEBUG OBJECTEXTEN
                    -D PRINT(.\Listings\keyboard.lst) TABS(2) OBJECT(.\Objects\keyboard.obj)

line level    source

   1          #include "delay.h"
   2          #include <STC89C5xRC.H>
   3          
   4          /**
   5          int scankey()
   6          {
   7              P1=0xFF;
   8              P13=0;
   9              if(P14==0){delay(20);while(P14==0);delay(20);return 13;}
  10              if(P15==0){delay(20);while(P15==0);delay(20);return 9;}
  11              if(P16==0){delay(20);while(P16==0);delay(20);return 5;}
  12              if(P17==0){delay(20);while(P17==0);delay(20);return 1;}
  13              P13=1;
  14              P12=0;
  15              if(P14==0){delay(20);while(P14==0);delay(20);return 14;}
  16              if(P15==0){delay(20);while(P15==0);delay(20);return 10;}
  17              if(P16==0){delay(20);while(P16==0);delay(20);return 6;}
  18              if(P17==0){delay(20);while(P17==0);delay(20);return 2;}
  19              P12=1;
  20              P11=0;
  21              if(P14==0){delay(20);while(P14==0);delay(20);return 15;}
  22              if(P15==0){delay(20);while(P15==0);delay(20);return 11;}
  23              if(P16==0){delay(20);while(P16==0);delay(20);return 7;}
  24              if(P17==0){delay(20);while(P17==0);delay(20);return 3;}
  25              P11=1;
  26              P10=0;
  27              if(P14==0){delay(20);while(P14==0);delay(20);return 16;}
  28              if(P15==0){delay(20);while(P15==0);delay(20);return 12;}
  29              if(P16==0){delay(20);while(P16==0);delay(20);return 8;}
  30              if(P17==0){delay(20);while(P17==0);delay(20);return 4;}
  31              return 0;
  32          }
  33          **/
  34          int scanKeyPress()
  35          {
  36   1        P1=0xFF;
  37   1          P13=0;
  38   1          if(P14==0){delay(20);return 13;}
  39   1          if(P15==0){delay(20);return 9;}
  40   1          if(P16==0){delay(20);return 5;}
  41   1          if(P17==0){delay(20);return 1;}
  42   1          P13=1;
  43   1          P12=0;
  44   1          if(P14==0){delay(20);return 14;}
  45   1          if(P15==0){delay(20);return 10;}
  46   1          if(P16==0){delay(20);return 6;}
  47   1          if(P17==0){delay(20);return 2;}
  48   1          P12=1;
  49   1          P11=0;
  50   1          if(P14==0){delay(20);return 15;}
  51   1          if(P15==0){delay(20);return 11;}
  52   1          if(P16==0){delay(20);return 7;}
  53   1          if(P17==0){delay(20);return 3;}
  54   1          P11=1;
C51 COMPILER V9.60.7.0   KEYBOARD                                                          01/22/2026 16:40:40 PAGE 2   

  55   1          P10=0;
  56   1          if(P14==0){delay(20);return 16;}
  57   1          if(P15==0){delay(20);return 12;}
  58   1          if(P16==0){delay(20);return 8;}
  59   1          if(P17==0){delay(20);return 4;}
  60   1          return 0;
  61   1      }
  62          int scanKeyRelease(unsigned int prev)
  63          {
  64   1        unsigned int line;
  65   1        P1=0xFF;
  66   1        switch(prev){
  67   2          case 1:P13=0;line=7;break;
  68   2          case 2:P12=0;line=7;break;
  69   2          case 3:P11=0;line=7;break;
  70   2          case 4:P10=0;line=7;break;
  71   2          case 5:P13=0;line=6;break;
  72   2          case 6:P12=0;line=6;break;
  73   2          case 7:P11=0;line=6;break;
  74   2          case 8:P10=0;line=6;break;
  75   2          case 9:P13=0;line=5;break;
  76   2          case 10:P12=0;line=5;break;
  77   2          case 11:P11=0;line=5;break;
  78   2          case 12:P10=0;line=5;break;
  79   2          case 13:P13=0;line=4;break;
  80   2          case 14:P12=0;line=4;break;
  81   2          case 15:P11=0;line=4;break;
  82   2          case 16:P10=0;line=4;break;
  83   2        }
  84   1        if(line==4&&P14==0){return 1;}
  85   1        if(line==5&&P15==0){return 1;}
  86   1        if(line==6&&P16==0){return 1;}
  87   1        if(line==7&&P17==0){return 1;}
  88   1        delay(20);
  89   1        return 0;
  90   1      }
  91          /**
  92          //这段放在主循环外,keyDown用来标记按键状态,key用来存储按键值
  93          unsigned int keyDown=0;
  94          unsigned int key=0;
  95          **/
  96          
  97          /**
  98          //这段放在主循环里
  99          if (keyDown == 0)
 100          {
 101            key = scanKeyPress();
 102            keyDown = key;
 103          }
 104          else
 105          {
 106            if (scanKeyRelease(keyDown) == 0)
 107            {
 108              keyDown = 0;
 109              LCD_clear();
 110            }
 111            key = 0;//放if外面，在按键未释放时清空key值防止重复记录
 112          }
 113          **/


MODULE INFORMATION:   STATIC OVERLAYABLE
C51 COMPILER V9.60.7.0   KEYBOARD                                                          01/22/2026 16:40:40 PAGE 3   

   CODE SIZE        =    493    ----
   CONSTANT SIZE    =   ----    ----
   XDATA SIZE       =   ----    ----
   PDATA SIZE       =   ----    ----
   DATA SIZE        =   ----       2
   IDATA SIZE       =   ----    ----
   BIT SIZE         =   ----    ----
END OF MODULE INFORMATION.


C51 COMPILATION COMPLETE.  0 WARNING(S),  0 ERROR(S)
