BL51 BANKED LINKER/LOCATER V6.22.4.0                                                    01/22/2026  16:03:31  PAGE 1


BL51 BANKED LINKER/LOCATER V6.22.4.0, INVOKED BY:
D:\RM MAIN SOFTWARES\KEIL5C51\C51\BIN\BL51.EXE .\Objects\delay.obj, .\Objects\keyboard.obj, .\Objects\OLED.obj, .\Object
>> s\PWM.obj, .\Objects\UART.obj, .\Objects\main.obj TO .\Objects\prj PRINT (.\Listings\prj.m51) RAMSIZE (256)


MEMORY MODEL: SMALL


INPUT MODULES INCLUDED:
  .\Objects\delay.obj (DELAY)
  .\Objects\keyboard.obj (KEYBOARD)
  .\Objects\OLED.obj (OLED)
  .\Objects\PWM.obj (PWM)
  .\Objects\UART.obj (UART)
  .\Objects\main.obj (MAIN)
  D:\RM MAIN SOFTWARES\KEIL5C51\C51\LIB\C51S.LIB (?C_STARTUP)
  D:\RM MAIN SOFTWARES\KEIL5C51\C51\LIB\C51S.LIB (?C?CLDPTR)
  D:\RM MAIN SOFTWARES\KEIL5C51\C51\LIB\C51S.LIB (?C?CLDOPTR)
  D:\RM MAIN SOFTWARES\KEIL5C51\C51\LIB\C51S.LIB (?C?IMUL)
  D:\RM MAIN SOFTWARES\KEIL5C51\C51\LIB\C51S.LIB (?C?UIDIV)
  D:\RM MAIN SOFTWARES\KEIL5C51\C51\LIB\C51S.LIB (?C?ILDPTR)
  D:\RM MAIN SOFTWARES\KEIL5C51\C51\LIB\C51S.LIB (?C?IILDPTR)
  D:\RM MAIN SOFTWARES\KEIL5C51\C51\LIB\C51S.LIB (?C?LMUL)
  D:\RM MAIN SOFTWARES\KEIL5C51\C51\LIB\C51S.LIB (?C?ULDIV)
  D:\RM MAIN SOFTWARES\KEIL5C51\C51\LIB\C51S.LIB (?C?ULCMP)
  D:\RM MAIN SOFTWARES\KEIL5C51\C51\LIB\C51S.LIB (?C?LLDIIDATA)
  D:\RM MAIN SOFTWARES\KEIL5C51\C51\LIB\C51S.LIB (?C_INIT)
  D:\RM MAIN SOFTWARES\KEIL5C51\C51\LIB\C51S.LIB (?C?IILDX)


LINK MAP OF MODULE:  .\Objects\prj (DELAY)


            TYPE    BASE      LENGTH    RELOCATION   SEGMENT NAME
            -----------------------------------------------------

            * * * * * * *   D A T A   M E M O R Y   * * * * * * *
            REG     0000H     0008H     ABSOLUTE     "REG BANK 0"
            DATA    0008H     0023H     UNIT         _DATA_GROUP_
            DATA    002BH     0014H     UNIT         ?DT?MAIN
            DATA    003FH     000BH     UNIT         ?DT?_OLED_DRAWBMP?OLED
            IDATA   004AH     0001H     UNIT         ?STACK

            * * * * * * *   C O D E   M E M O R Y   * * * * * * *
            CODE    0000H     0003H     ABSOLUTE     
            CODE    0003H     0008H     UNIT         ?PR?_UART_SENDBYTE?UART
            CODE    000BH     0003H     ABSOLUTE     
            CODE    000EH     0015H     UNIT         ?PR?PWM_INIT?PWM
            CODE    0023H     0003H     ABSOLUTE     
            CODE    0026H     0645H     UNIT         ?CO?MAIN
            CODE    066BH     05F0H     UNIT         ?CO?OLED
            CODE    0C5BH     0274H     UNIT         ?C?LIB_CODE
            CODE    0ECFH     01A5H     UNIT         ?PR?SCANKEY?KEYBOARD
            CODE    1074H     0105H     UNIT         ?PR?SCANKEYPRESS?KEYBOARD
            CODE    1179H     00E8H     UNIT         ?PR?_SCANKEYRELEASE?KEYBOARD
            CODE    1261H     00DFH     UNIT         ?PR?OLED_INIT?OLED
            CODE    1340H     0097H     UNIT         ?PR?DRAWGUI?MAIN
            CODE    13D7H     0096H     UNIT         ?PR?_ADJUSTANGLE?MAIN
BL51 BANKED LINKER/LOCATER V6.22.4.0                                                  01/22/2026  16:03:31  PAGE 2


            CODE    146DH     008CH     UNIT         ?C_C51STARTUP
            CODE    14F9H     0082H     UNIT         ?PR?TIMER_ROUTINE?MAIN
            CODE    157BH     007CH     UNIT         ?PR?_GUILOGIC?MAIN
            CODE    15F7H     0078H     UNIT         ?PR?UART_ROUTINE?MAIN
            CODE    166FH     0063H     UNIT         ?PR?_OLED_SHOWNUM?OLED
            CODE    16D2H     0063H     UNIT         ?PR?_OLED_DRAWBMP?OLED
            CODE    1735H     005FH     UNIT         ?PR?_OLED_SHOWCHAR?OLED
            CODE    1794H     004FH     UNIT         ?PR?MAIN?MAIN
            CODE    17E3H     004EH     UNIT         ?PR?_DRAWLINE?MAIN
            CODE    1831H     0045H     UNIT         ?PR?_OLED_POW?OLED
            CODE    1876H     0040H     UNIT         ?PR?DATAPROCESS?MAIN
            CODE    18B6H     0034H     UNIT         ?PR?_OLED_I2C_SENDBYTE?OLED
            CODE    18EAH     002EH     UNIT         ?PR?_OLED_SHOWSTRING?OLED
            CODE    1918H     0025H     UNIT         ?PR?_OLED_SETCURSOR?OLED
            CODE    193DH     0021H     UNIT         ?PR?UART_INIT?UART
            CODE    195EH     0021H     UNIT         ?C_INITSEG
            CODE    197FH     0020H     UNIT         ?PR?_OLED_WRITEDATA?OLED
            CODE    199FH     001AH     UNIT         ?PR?_DELAY?DELAY
            CODE    19B9H     0019H     UNIT         ?PR?OLED_CLEAR?OLED
            CODE    19D2H     0013H     UNIT         ?PR?_UART_SENDSTR?UART
            CODE    19E5H     0010H     UNIT         ?PR?_OLED_WRITECOMMAND?OLED
            CODE    19F5H     0009H     UNIT         ?PR?OLED_I2C_START?OLED
            CODE    19FEH     0007H     UNIT         ?PR?OLED_I2C_STOP?OLED



OVERLAY MAP OF MODULE:   .\Objects\prj (DELAY)


SEGMENT                                DATA_GROUP 
  +--> CALLED SEGMENT                START    LENGTH
----------------------------------------------------
?PR?UART_ROUTINE?MAIN                -----    -----
  +--> ?PR?DATAPROCESS?MAIN
  +--> ?PR?_DRAWLINE?MAIN
  +--> ?PR?_UART_SENDSTR?UART
  +--> ?PR?_UART_SENDBYTE?UART

?PR?_DRAWLINE?MAIN                   0008H    0002H
  +--> ?PR?_ADJUSTANGLE?MAIN

?PR?_ADJUSTANGLE?MAIN                000AH    0007H
  +--> ?PR?_DELAY?DELAY

?PR?_UART_SENDSTR?UART               -----    -----
  +--> ?PR?_UART_SENDBYTE?UART

*** NEW ROOT ***************************************************

?C_C51STARTUP                        -----    -----
  +--> ?PR?MAIN?MAIN
  +--> ?C_INITSEG

?PR?MAIN?MAIN                        0011H    0006H
  +--> ?PR?OLED_INIT?OLED
  +--> ?PR?PWM_INIT?PWM
  +--> ?PR?UART_INIT?UART
BL51 BANKED LINKER/LOCATER V6.22.4.0                                                  01/22/2026  16:03:31  PAGE 3


  +--> ?PR?SCANKEYPRESS?KEYBOARD
  +--> ?PR?_GUILOGIC?MAIN
  +--> ?PR?DRAWGUI?MAIN
  +--> ?PR?_SCANKEYRELEASE?KEYBOARD

?PR?OLED_INIT?OLED                   0017H    0008H
  +--> ?PR?_OLED_WRITECOMMAND?OLED
  +--> ?PR?OLED_CLEAR?OLED

?PR?_OLED_WRITECOMMAND?OLED          -----    -----
  +--> ?PR?_OLED_I2C_SENDBYTE?OLED
  +--> ?PR?OLED_I2C_STOP?OLED

?PR?_OLED_I2C_SENDBYTE?OLED          -----    -----
  +--> ?PR?OLED_I2C_START?OLED

?PR?OLED_CLEAR?OLED                  -----    -----
  +--> ?PR?_OLED_SETCURSOR?OLED
  +--> ?PR?_OLED_WRITEDATA?OLED

?PR?_OLED_SETCURSOR?OLED             -----    -----
  +--> ?PR?_OLED_WRITECOMMAND?OLED

?PR?_OLED_WRITEDATA?OLED             -----    -----
  +--> ?PR?_OLED_I2C_SENDBYTE?OLED
  +--> ?PR?OLED_I2C_STOP?OLED

?PR?SCANKEYPRESS?KEYBOARD            -----    -----
  +--> ?PR?_DELAY?DELAY

?PR?DRAWGUI?MAIN                     -----    -----
  +--> ?PR?OLED_CLEAR?OLED
  +--> ?CO?MAIN
  +--> ?PR?_OLED_SHOWSTRING?OLED
  +--> ?PR?_OLED_SHOWNUM?OLED

?PR?_OLED_SHOWSTRING?OLED            0017H    0006H
  +--> ?PR?_OLED_SHOWCHAR?OLED

?PR?_OLED_SHOWCHAR?OLED              001FH    0002H
  +--> ?PR?_OLED_SETCURSOR?OLED
  +--> ?CO?OLED
  +--> ?PR?_OLED_WRITEDATA?OLED

?PR?_OLED_SHOWNUM?OLED               0017H    0008H
  +--> ?PR?_OLED_POW?OLED
  +--> ?PR?_OLED_SHOWCHAR?OLED

?PR?_OLED_POW?OLED                   001FH    000CH

?PR?_SCANKEYRELEASE?KEYBOARD         0017H    0002H
  +--> ?PR?_DELAY?DELAY



SYMBOL TABLE OF MODULE:  .\Objects\prj (DELAY)

BL51 BANKED LINKER/LOCATER V6.22.4.0                                                  01/22/2026  16:03:31  PAGE 4


  VALUE           TYPE          NAME
  ----------------------------------

  -------         MODULE        DELAY
  C:0000H         SYMBOL        _ICE_DUMMY_
  C:199FH         PUBLIC        _delay
  -------         PROC          _DELAY
  D:0006H         SYMBOL        x
  -------         DO            
  D:0005H         SYMBOL        i
  D:0004H         SYMBOL        j
  -------         ENDDO         
  C:199FH         LINE#         3
  C:199FH         LINE#         4
  C:199FH         LINE#         6
  C:19A8H         LINE#         7
  C:19A8H         LINE#         8
  C:19A9H         LINE#         9
  C:19ABH         LINE#         10
  C:19ADH         LINE#         12
  C:19ADH         LINE#         13
  C:19AFH         LINE#         14
  C:19B1H         LINE#         15
  C:19B6H         LINE#         16
  C:19B8H         LINE#         17
  -------         ENDPROC       _DELAY
  -------         ENDMOD        DELAY

  -------         MODULE        KEYBOARD
  C:0000H         SYMBOL        _ICE_DUMMY_
  D:0080H         PUBLIC        P0
  D:0090H         PUBLIC        P1
  D:00A0H         PUBLIC        P2
  D:00C0H         PUBLIC        XICON
  D:00B0H         PUBLIC        P3
  D:00E8H         PUBLIC        P4
  D:00A8H         PUBLIC        IE
  C:1179H         PUBLIC        _scanKeyRelease
  D:00B8H         PUBLIC        IP
  B:0090H.0       PUBLIC        P10
  B:0090H.1       PUBLIC        P11
  B:0090H.2       PUBLIC        P12
  D:0098H         PUBLIC        SCON
  B:0090H.3       PUBLIC        P13
  B:0090H.4       PUBLIC        P14
  D:0088H         PUBLIC        TCON
  B:0090H.5       PUBLIC        P15
  B:0090H.6       PUBLIC        P16
  B:0090H.7       PUBLIC        P17
  D:00F0H         PUBLIC        B
  D:00E0H         PUBLIC        ACC
  C:1074H         PUBLIC        scanKeyPress
  D:00C8H         PUBLIC        T2CON
  C:0ECFH         PUBLIC        scankey
  D:00D0H         PUBLIC        PSW
  -------         PROC          SCANKEY
  C:0ECFH         LINE#         5
BL51 BANKED LINKER/LOCATER V6.22.4.0                                                  01/22/2026  16:03:31  PAGE 5


  C:0ECFH         LINE#         6
  C:0ECFH         LINE#         7
  C:0ED2H         LINE#         8
  C:0ED4H         LINE#         9
  C:0EEDH         LINE#         10
  C:0F06H         LINE#         11
  C:0F1FH         LINE#         12
  C:0F38H         LINE#         13
  C:0F3AH         LINE#         14
  C:0F3CH         LINE#         15
  C:0F55H         LINE#         16
  C:0F6EH         LINE#         17
  C:0F87H         LINE#         18
  C:0FA0H         LINE#         19
  C:0FA2H         LINE#         20
  C:0FA4H         LINE#         21
  C:0FBDH         LINE#         22
  C:0FD6H         LINE#         23
  C:0FEFH         LINE#         24
  C:1008H         LINE#         25
  C:100AH         LINE#         26
  C:100CH         LINE#         27
  C:1025H         LINE#         28
  C:103EH         LINE#         29
  C:1057H         LINE#         30
  C:1070H         LINE#         31
  C:1073H         LINE#         32
  -------         ENDPROC       SCANKEY
  -------         PROC          SCANKEYPRESS
  C:1074H         LINE#         33
  C:1074H         LINE#         34
  C:1074H         LINE#         35
  C:1077H         LINE#         36
  C:1079H         LINE#         37
  C:1088H         LINE#         38
  C:1097H         LINE#         39
  C:10A6H         LINE#         40
  C:10B5H         LINE#         41
  C:10B7H         LINE#         42
  C:10B9H         LINE#         43
  C:10C8H         LINE#         44
  C:10D7H         LINE#         45
  C:10E6H         LINE#         46
  C:10F5H         LINE#         47
  C:10F7H         LINE#         48
  C:10F9H         LINE#         49
  C:1108H         LINE#         50
  C:1117H         LINE#         51
  C:1126H         LINE#         52
  C:1135H         LINE#         53
  C:1137H         LINE#         54
  C:1139H         LINE#         55
  C:1148H         LINE#         56
  C:1157H         LINE#         57
  C:1166H         LINE#         58
  C:1175H         LINE#         59
  C:1178H         LINE#         60
BL51 BANKED LINKER/LOCATER V6.22.4.0                                                  01/22/2026  16:03:31  PAGE 6


  -------         ENDPROC       SCANKEYPRESS
  -------         PROC          _SCANKEYRELEASE
  D:0006H         SYMBOL        prev
  -------         DO            
  D:0017H         SYMBOL        line
  -------         ENDDO         
  C:1179H         LINE#         61
  C:1179H         LINE#         62
  C:1179H         LINE#         64
  C:117CH         LINE#         65
  C:11CAH         LINE#         66
  C:11CEH         LINE#         67
  C:11D2H         LINE#         68
  C:11D6H         LINE#         69
  C:11E0H         LINE#         70
  C:11E4H         LINE#         71
  C:11E8H         LINE#         72
  C:11ECH         LINE#         73
  C:11F6H         LINE#         74
  C:11FAH         LINE#         75
  C:11FEH         LINE#         76
  C:1202H         LINE#         77
  C:120CH         LINE#         78
  C:1210H         LINE#         79
  C:1214H         LINE#         80
  C:1218H         LINE#         81
  C:1220H         LINE#         82
  C:1220H         LINE#         83
  C:122DH         LINE#         84
  C:123AH         LINE#         85
  C:1247H         LINE#         86
  C:1256H         LINE#         87
  C:125DH         LINE#         88
  C:1260H         LINE#         89
  -------         ENDPROC       _SCANKEYRELEASE
  -------         ENDMOD        KEYBOARD

  -------         MODULE        OLED
  C:0000H         SYMBOL        _ICE_DUMMY_
  D:0080H         PUBLIC        P0
  D:0090H         PUBLIC        P1
  D:00A0H         PUBLIC        P2
  D:00C0H         PUBLIC        XICON
  D:00B0H         PUBLIC        P3
  D:00E8H         PUBLIC        P4
  D:00A8H         PUBLIC        IE
  C:198FH         PUBLIC        _OLED_WriteData
  D:00B8H         PUBLIC        IP
  C:1261H         PUBLIC        OLED_Init
  C:18EAH         PUBLIC        _OLED_ShowString
  C:1735H         PUBLIC        _OLED_ShowChar
  D:0098H         PUBLIC        SCON
  D:0088H         PUBLIC        TCON
  C:1921H         PUBLIC        _OLED_SetCursor
  C:19F5H         PUBLIC        OLED_I2C_Start
  C:1831H         PUBLIC        _OLED_Pow
  D:00F0H         PUBLIC        B
BL51 BANKED LINKER/LOCATER V6.22.4.0                                                  01/22/2026  16:03:31  PAGE 7


  D:00E0H         PUBLIC        ACC
  C:18BDH         PUBLIC        _OLED_I2C_SendByte
  C:19FEH         PUBLIC        OLED_I2C_Stop
  C:19E5H         PUBLIC        _OLED_WriteCommand
  C:166FH         PUBLIC        _OLED_ShowNum
  B:00B0H.3       PUBLIC        OLED_SDA
  C:066BH         SYMBOL        OLED_F8x16
  D:00C8H         PUBLIC        T2CON
  B:00B0H.2       PUBLIC        OLED_SCL
  C:19B9H         PUBLIC        OLED_Clear
  C:16D2H         PUBLIC        _OLED_DrawBMP
  D:00D0H         PUBLIC        PSW
  -------         PROC          OLED_I2C_START
  C:19F5H         LINE#         17
  C:19F5H         LINE#         18
  C:19F5H         LINE#         19
  C:19F7H         LINE#         20
  C:19F9H         LINE#         21
  C:19FBH         LINE#         22
  C:19FDH         LINE#         23
  -------         ENDPROC       OLED_I2C_START
  -------         PROC          OLED_I2C_STOP
  C:19FEH         LINE#         30
  C:19FEH         LINE#         31
  C:19FEH         LINE#         32
  C:1A00H         LINE#         33
  C:1A02H         LINE#         34
  C:1A04H         LINE#         35
  -------         ENDPROC       OLED_I2C_STOP
  -------         PROC          L?0056
  -------         ENDPROC       L?0056
  -------         PROC          _OLED_I2C_SENDBYTE
  D:0005H         SYMBOL        Byte
  -------         DO            
  D:0003H         SYMBOL        i
  -------         ENDDO         
  C:18BDH         LINE#         42
  C:18BFH         LINE#         43
  C:18BFH         LINE#         45
  C:18C1H         LINE#         46
  C:18C1H         LINE#         47
  C:18DDH         LINE#         48
  C:18DFH         LINE#         49
  C:18E1H         LINE#         50
  C:18E5H         LINE#         51
  C:18E7H         LINE#         52
  C:18E9H         LINE#         53
  -------         ENDPROC       _OLED_I2C_SENDBYTE
  -------         PROC          _OLED_WRITECOMMAND
  D:0004H         SYMBOL        Command
  C:19E5H         LINE#         60
  C:19E5H         LINE#         61
  C:19E5H         LINE#         62
  C:19E5H         LINE#         63
  C:19E8H         LINE#         64
  C:19EDH         LINE#         65
  C:19F2H         LINE#         66
BL51 BANKED LINKER/LOCATER V6.22.4.0                                                  01/22/2026  16:03:31  PAGE 8


  -------         ENDPROC       _OLED_WRITECOMMAND
  -------         PROC          L?0054
  -------         ENDPROC       L?0054
  -------         PROC          _OLED_WRITEDATA
  D:0004H         SYMBOL        Data
  C:198FH         LINE#         74
  C:198FH         LINE#         75
  C:198FH         LINE#         76
  C:198FH         LINE#         77
  C:1992H         LINE#         78
  C:1997H         LINE#         79
  C:199CH         LINE#         80
  -------         ENDPROC       _OLED_WRITEDATA
  -------         PROC          L?0055
  -------         ENDPROC       L?0055
  -------         PROC          _OLED_SETCURSOR
  D:0007H         SYMBOL        Y
  D:0002H         SYMBOL        X
  C:1921H         LINE#         89
  C:1923H         LINE#         90
  C:1923H         LINE#         91
  C:192AH         LINE#         92
  C:1936H         LINE#         93
  -------         ENDPROC       _OLED_SETCURSOR
  -------         PROC          OLED_CLEAR
  -------         DO            
  D:0002H         SYMBOL        i
  D:0001H         SYMBOL        j
  -------         ENDDO         
  C:19B9H         LINE#         101
  C:19B9H         LINE#         102
  C:19B9H         LINE#         104
  C:19BBH         LINE#         105
  C:19BBH         LINE#         106
  C:19C2H         LINE#         107
  C:19C4H         LINE#         108
  C:19C4H         LINE#         109
  C:19C9H         LINE#         110
  C:19CDH         LINE#         111
  C:19D1H         LINE#         112
  -------         ENDPROC       OLED_CLEAR
  -------         PROC          _OLED_SHOWCHAR
  D:001FH         SYMBOL        Line
  D:0020H         SYMBOL        Column
  D:0001H         SYMBOL        Char
  -------         DO            
  D:0002H         SYMBOL        i
  -------         ENDDO         
  C:1735H         LINE#         121
  C:173BH         LINE#         122
  C:173BH         LINE#         124
  C:1743H         LINE#         125
  C:1745H         LINE#         126
  C:1745H         LINE#         127
  C:1763H         LINE#         128
  C:1767H         LINE#         129
  C:176FH         LINE#         130
BL51 BANKED LINKER/LOCATER V6.22.4.0                                                  01/22/2026  16:03:31  PAGE 9


  C:1771H         LINE#         131
  C:1771H         LINE#         132
  C:178FH         LINE#         133
  C:1793H         LINE#         134
  -------         ENDPROC       _OLED_SHOWCHAR
  -------         PROC          _OLED_SHOWSTRING
  D:0017H         SYMBOL        Line
  D:0018H         SYMBOL        Column
  D:0019H         SYMBOL        String
  -------         DO            
  D:001CH         SYMBOL        i
  -------         ENDDO         
  C:18EAH         LINE#         143
  C:18F4H         LINE#         144
  C:18F4H         LINE#         146
  C:1909H         LINE#         147
  C:1909H         LINE#         148
  C:1913H         LINE#         149
  C:1917H         LINE#         150
  -------         ENDPROC       _OLED_SHOWSTRING
  -------         PROC          _OLED_POW
  D:001FH         SYMBOL        X
  D:0023H         SYMBOL        Y
  -------         DO            
  D:0027H         SYMBOL        Result
  -------         ENDDO         
  C:1831H         LINE#         158
  C:1839H         LINE#         159
  C:1839H         LINE#         160
  C:1843H         LINE#         161
  C:1850H         LINE#         162
  C:1850H         LINE#         163
  C:186BH         LINE#         164
  C:186DH         LINE#         165
  C:1875H         LINE#         166
  -------         ENDPROC       _OLED_POW
  -------         PROC          _OLED_SHOWNUM
  D:0017H         SYMBOL        Line
  D:0018H         SYMBOL        Column
  D:0019H         SYMBOL        Number
  D:001DH         SYMBOL        Length
  -------         DO            
  D:001EH         SYMBOL        i
  -------         ENDDO         
  C:166FH         LINE#         176
  C:1673H         LINE#         177
  C:1673H         LINE#         179
  C:167DH         LINE#         180
  C:167DH         LINE#         181
  C:16CDH         LINE#         182
  C:16D1H         LINE#         183
  -------         ENDPROC       _OLED_SHOWNUM
  -------         PROC          _OLED_DRAWBMP
  D:003FH         SYMBOL        x0
  D:0005H         SYMBOL        y0
  D:0041H         SYMBOL        x1
  D:0042H         SYMBOL        y1
BL51 BANKED LINKER/LOCATER V6.22.4.0                                                  01/22/2026  16:03:31  PAGE 10


  D:0043H         SYMBOL        BMP
  -------         DO            
  D:0046H         SYMBOL        j
  D:0048H         SYMBOL        x
  D:0049H         SYMBOL        y
  -------         ENDDO         
  C:16D2H         LINE#         271
  C:16D6H         LINE#         272
  C:16D6H         LINE#         273
  C:16DBH         LINE#         276
  C:16ECH         LINE#         277
  C:16F6H         LINE#         278
  C:16FFH         LINE#         279
  C:16FFH         LINE#         280
  C:1706H         LINE#         281
  C:1710H         LINE#         282
  C:1710H         LINE#         283
  C:172CH         LINE#         284
  C:1730H         LINE#         285
  C:1734H         LINE#         286
  -------         ENDPROC       _OLED_DRAWBMP
  -------         PROC          OLED_INIT
  -------         DO            
  D:0017H         SYMBOL        i
  D:001BH         SYMBOL        j
  -------         ENDDO         
  C:1261H         LINE#         294
  C:1261H         LINE#         295
  C:1261H         LINE#         298
  C:127EH         LINE#         299
  C:127EH         LINE#         300
  C:12B3H         LINE#         301
  C:12CAH         LINE#         303
  C:12CFH         LINE#         305
  C:12D4H         LINE#         306
  C:12D9H         LINE#         308
  C:12DEH         LINE#         309
  C:12E3H         LINE#         311
  C:12E8H         LINE#         312
  C:12EDH         LINE#         314
  C:12F2H         LINE#         316
  C:12F7H         LINE#         318
  C:12FCH         LINE#         320
  C:1301H         LINE#         321
  C:1306H         LINE#         323
  C:130BH         LINE#         324
  C:1310H         LINE#         326
  C:1315H         LINE#         327
  C:131AH         LINE#         329
  C:131FH         LINE#         330
  C:1324H         LINE#         332
  C:1329H         LINE#         334
  C:132EH         LINE#         336
  C:1333H         LINE#         337
  C:1338H         LINE#         339
  C:133DH         LINE#         341
  -------         ENDPROC       OLED_INIT
BL51 BANKED LINKER/LOCATER V6.22.4.0                                                  01/22/2026  16:03:31  PAGE 11


  -------         ENDMOD        OLED

  -------         MODULE        PWM
  C:0000H         SYMBOL        _ICE_DUMMY_
  D:0080H         PUBLIC        P0
  D:0090H         PUBLIC        P1
  D:00A0H         PUBLIC        P2
  D:00C0H         PUBLIC        XICON
  D:00B0H         PUBLIC        P3
  D:00E8H         PUBLIC        P4
  B:00A8H.7       PUBLIC        EA
  D:00A8H         PUBLIC        IE
  D:00B8H         PUBLIC        IP
  D:0098H         PUBLIC        SCON
  D:0089H         PUBLIC        TMOD
  D:0088H         PUBLIC        TCON
  D:00F0H         PUBLIC        B
  D:00E0H         PUBLIC        ACC
  B:00A8H.1       PUBLIC        ET0
  B:0088H.5       PUBLIC        TF0
  D:008CH         PUBLIC        TH0
  D:008AH         PUBLIC        TL0
  B:0088H.4       PUBLIC        TR0
  D:00C8H         PUBLIC        T2CON
  C:000EH         PUBLIC        PWM_Init
  D:00D0H         PUBLIC        PSW
  -------         PROC          PWM_INIT
  C:000EH         LINE#         3
  C:000EH         LINE#         4
  C:000EH         LINE#         5
  C:0011H         LINE#         6
  C:0014H         LINE#         7
  C:0017H         LINE#         8
  C:001AH         LINE#         9
  C:001CH         LINE#         10
  C:001EH         LINE#         11
  C:0020H         LINE#         12
  C:0022H         LINE#         13
  -------         ENDPROC       PWM_INIT
  -------         ENDMOD        PWM

  -------         MODULE        UART
  C:0000H         SYMBOL        _ICE_DUMMY_
  D:0080H         PUBLIC        P0
  D:0090H         PUBLIC        P1
  D:00A0H         PUBLIC        P2
  D:00C0H         PUBLIC        XICON
  D:00B0H         PUBLIC        P3
  D:00E8H         PUBLIC        P4
  B:00A8H.7       PUBLIC        EA
  D:00A8H         PUBLIC        IE
  B:00A8H.4       PUBLIC        ES
  D:00B8H         PUBLIC        IP
  B:0098H.1       PUBLIC        TI
  D:0099H         PUBLIC        SBUF
  D:0087H         PUBLIC        PCON
  C:193DH         PUBLIC        UART_Init
BL51 BANKED LINKER/LOCATER V6.22.4.0                                                  01/22/2026  16:03:31  PAGE 12


  D:0098H         PUBLIC        SCON
  D:0089H         PUBLIC        TMOD
  D:0088H         PUBLIC        TCON
  C:0003H         PUBLIC        _UART_SendByte
  D:00F0H         PUBLIC        B
  D:008EH         PUBLIC        AUXR
  D:00E0H         PUBLIC        ACC
  B:00A8H.3       PUBLIC        ET1
  D:008DH         PUBLIC        TH1
  D:008BH         PUBLIC        TL1
  B:0088H.6       PUBLIC        TR1
  C:19D2H         PUBLIC        _UART_SendStr
  D:00C8H         PUBLIC        T2CON
  D:00D0H         PUBLIC        PSW
  -------         PROC          UART_INIT
  C:193DH         LINE#         4
  C:193DH         LINE#         5
  C:193DH         LINE#         6
  C:1940H         LINE#         7
  C:1943H         LINE#         8
  C:1946H         LINE#         9
  C:1949H         LINE#         10
  C:194CH         LINE#         11
  C:194FH         LINE#         12
  C:1952H         LINE#         13
  C:1955H         LINE#         14
  C:1957H         LINE#         15
  C:1959H         LINE#         17
  C:195BH         LINE#         18
  C:195DH         LINE#         19
  -------         ENDPROC       UART_INIT
  -------         PROC          _UART_SENDBYTE
  D:0007H         SYMBOL        Byte
  C:0003H         LINE#         21
  C:0003H         LINE#         22
  C:0003H         LINE#         23
  C:0005H         LINE#         24
  C:0008H         LINE#         25
  C:000AH         LINE#         26
  -------         ENDPROC       _UART_SENDBYTE
  -------         PROC          _UART_SENDSTR
  D:0001H         SYMBOL        str
  C:19D2H         LINE#         39
  C:19D2H         LINE#         40
  C:19D2H         LINE#         41
  C:19D8H         LINE#         42
  C:19D8H         LINE#         43
  C:19DBH         LINE#         44
  C:19E2H         LINE#         45
  C:19E4H         LINE#         46
  -------         ENDPROC       _UART_SENDSTR
  -------         ENDMOD        UART

  -------         MODULE        MAIN
  C:0000H         SYMBOL        _ICE_DUMMY_
  D:0080H         PUBLIC        P0
  C:1876H         PUBLIC        dataProcess
BL51 BANKED LINKER/LOCATER V6.22.4.0                                                  01/22/2026  16:03:31  PAGE 13


  D:0090H         PUBLIC        P1
  D:00A0H         PUBLIC        P2
  D:00C0H         PUBLIC        XICON
  D:00B0H         PUBLIC        P3
  D:00E8H         PUBLIC        P4
  C:15F7H         PUBLIC        UART_Routine
  D:00A8H         PUBLIC        IE
  B:00A0H.2       PUBLIC        servoMotorH
  C:1340H         PUBLIC        drawGUI
  D:00B8H         PUBLIC        IP
  B:0098H.0       PUBLIC        RI
  B:00A0H.1       PUBLIC        servoMotorV
  D:002BH         PUBLIC        bufCounter
  C:1794H         PUBLIC        main
  D:0099H         PUBLIC        SBUF
  D:002DH         PUBLIC        menuIndex
  D:0098H         PUBLIC        SCON
  D:0088H         PUBLIC        TCON
  C:17E3H         PUBLIC        _drawLine
  D:002FH         PUBLIC        buf
  D:00F0H         PUBLIC        B
  D:0039H         PUBLIC        servoH_Angle
  D:00E0H         PUBLIC        ACC
  D:008CH         PUBLIC        TH0
  C:14F9H         PUBLIC        Timer_Routine
  D:008AH         PUBLIC        TL0
  D:003BH         PUBLIC        servoV_Angle
  C:157BH         PUBLIC        _GUILogic
  D:003DH         PUBLIC        Counter
  C:007BH         SYMBOL        OLED_F8x16
  D:00C8H         PUBLIC        T2CON
  C:13E7H         PUBLIC        _adjustAngle
  D:00D0H         PUBLIC        PSW
  -------         PROC          L?0054
  -------         ENDPROC       L?0054
  -------         PROC          _ADJUSTANGLE
  D:000AH         SYMBOL        TGTAngle
  D:000CH         SYMBOL        currentAngle
  D:000FH         SYMBOL        del
  C:13E7H         LINE#         12
  C:13F1H         LINE#         13
  C:13F1H         LINE#         14
  C:13FFH         LINE#         15
  C:13FFH         LINE#         16
  C:141AH         LINE#         17
  C:141AH         LINE#         18
  C:1422H         LINE#         19
  C:1429H         LINE#         20
  C:142BH         LINE#         21
  C:142BH         LINE#         22
  C:143FH         LINE#         23
  C:143FH         LINE#         24
  C:145CH         LINE#         25
  C:145CH         LINE#         26
  C:1463H         LINE#         27
  C:146AH         LINE#         28
  C:146CH         LINE#         29
BL51 BANKED LINKER/LOCATER V6.22.4.0                                                  01/22/2026  16:03:31  PAGE 14


  C:146CH         LINE#         30
  -------         ENDPROC       _ADJUSTANGLE
  -------         PROC          _DRAWLINE
  D:0008H         SYMBOL        len
  C:17E3H         LINE#         31
  C:17E7H         LINE#         32
  C:17E7H         LINE#         33
  C:17EDH         LINE#         34
  C:17F0H         LINE#         35
  C:1810H         LINE#         36
  C:182DH         LINE#         37
  C:1830H         LINE#         38
  -------         ENDPROC       _DRAWLINE
  -------         PROC          DATAPROCESS
  -------         DO            
  D:0002H         SYMBOL        i
  D:0006H         SYMBOL        dat
  -------         ENDDO         
  C:1876H         LINE#         91
  C:1876H         LINE#         92
  C:1876H         LINE#         93
  C:1879H         LINE#         94
  C:1886H         LINE#         95
  C:1886H         LINE#         96
  C:188DH         LINE#         97
  C:189BH         LINE#         98
  C:18A2H         LINE#         99
  C:18B1H         LINE#         100
  C:18B1H         LINE#         101
  C:18B2H         LINE#         102
  C:18B2H         LINE#         103
  C:18B5H         LINE#         104
  -------         ENDPROC       DATAPROCESS
  -------         PROC          UART_ROUTINE
  C:15F7H         LINE#         105
  C:1614H         LINE#         107
  C:1617H         LINE#         108
  C:1617H         LINE#         110
  C:1622H         LINE#         111
  C:1629H         LINE#         112
  C:1631H         LINE#         113
  C:1636H         LINE#         114
  C:1636H         LINE#         115
  C:1644H         LINE#         116
  C:164DH         LINE#         117
  C:164DH         LINE#         118
  C:1652H         LINE#         119
  C:1654H         LINE#         120
  C:1654H         LINE#         121
  -------         ENDPROC       UART_ROUTINE
  -------         PROC          TIMER_ROUTINE
  C:14F9H         LINE#         123
  C:150CH         LINE#         125
  C:150FH         LINE#         126
  C:1512H         LINE#         127
  C:151AH         LINE#         128
  C:1528H         LINE#         130
BL51 BANKED LINKER/LOCATER V6.22.4.0                                                  01/22/2026  16:03:31  PAGE 15


  C:1543H         LINE#         131
  C:1547H         LINE#         133
  C:1549H         LINE#         134
  C:1564H         LINE#         135
  C:1568H         LINE#         137
  C:156AH         LINE#         138
  -------         ENDPROC       TIMER_ROUTINE
  -------         PROC          _GUILOGIC
  D:0006H         SYMBOL        key
  C:157BH         LINE#         159
  C:157BH         LINE#         160
  C:157BH         LINE#         161
  C:1581H         LINE#         162
  C:1581H         LINE#         163
  C:158DH         LINE#         164
  C:1599H         LINE#         165
  C:1599H         LINE#         166
  C:15A1H         LINE#         167
  C:15A1H         LINE#         168
  C:15A9H         LINE#         169
  C:15A9H         LINE#         170
  C:15B1H         LINE#         171
  C:15B1H         LINE#         172
  C:15B7H         LINE#         173
  C:15B7H         LINE#         174
  C:15C4H         LINE#         175
  C:15CEH         LINE#         177
  C:15CEH         LINE#         178
  C:15D4H         LINE#         179
  C:15D4H         LINE#         180
  C:15E0H         LINE#         181
  C:15ECH         LINE#         183
  C:15ECH         LINE#         184
  C:15F6H         LINE#         185
  C:15F6H         LINE#         187
  -------         ENDPROC       _GUILOGIC
  -------         PROC          DRAWGUI
  C:1340H         LINE#         188
  C:1340H         LINE#         189
  C:1340H         LINE#         190
  C:1343H         LINE#         191
  C:1349H         LINE#         192
  C:1349H         LINE#         193
  C:1356H         LINE#         194
  C:1363H         LINE#         195
  C:1370H         LINE#         196
  C:1370H         LINE#         197
  C:1378H         LINE#         198
  C:1378H         LINE#         199
  C:1385H         LINE#         200
  C:1392H         LINE#         201
  C:1392H         LINE#         202
  C:139AH         LINE#         203
  C:139AH         LINE#         204
  C:13A7H         LINE#         205
  C:13BCH         LINE#         206
  C:13C9H         LINE#         207
BL51 BANKED LINKER/LOCATER V6.22.4.0                                                  01/22/2026  16:03:31  PAGE 16


  C:13D6H         LINE#         208
  C:13D6H         LINE#         210
  -------         ENDPROC       DRAWGUI
  -------         PROC          MAIN
  -------         DO            
  D:0011H         SYMBOL        keyDown
  D:0013H         SYMBOL        key
  D:0015H         SYMBOL        mode
  -------         ENDDO         
  C:1794H         LINE#         211
  C:1794H         LINE#         212
  C:1794H         LINE#         213
  C:1799H         LINE#         214
  C:179DH         LINE#         215
  C:17A2H         LINE#         216
  C:17A5H         LINE#         217
  C:17A8H         LINE#         218
  C:17ABH         LINE#         219
  C:17ADH         LINE#         220
  C:17ADH         LINE#         221
  C:17ADH         LINE#         222
  C:17B3H         LINE#         223
  C:17B3H         LINE#         224
  C:17BAH         LINE#         225
  C:17C0H         LINE#         226
  C:17C6H         LINE#         227
  C:17C6H         LINE#         228
  C:17C9H         LINE#         229
  C:17CCH         LINE#         230
  C:17CCH         LINE#         231
  C:17CEH         LINE#         233
  C:17CEH         LINE#         234
  C:17D9H         LINE#         235
  C:17D9H         LINE#         236
  C:17DDH         LINE#         237
  C:17E1H         LINE#         238
  C:17E1H         LINE#         239
  C:17E1H         LINE#         240
  -------         ENDPROC       MAIN
  -------         ENDMOD        MAIN

  -------         MODULE        ?C?CLDPTR
  C:0C5BH         PUBLIC        ?C?CLDPTR
  -------         ENDMOD        ?C?CLDPTR

  -------         MODULE        ?C?CLDOPTR
  C:0C74H         PUBLIC        ?C?CLDOPTR
  -------         ENDMOD        ?C?CLDOPTR

  -------         MODULE        ?C?IMUL
  C:0CA1H         PUBLIC        ?C?IMUL
  -------         ENDMOD        ?C?IMUL

  -------         MODULE        ?C?UIDIV
  C:0CB3H         PUBLIC        ?C?UIDIV
  -------         ENDMOD        ?C?UIDIV

BL51 BANKED LINKER/LOCATER V6.22.4.0                                                  01/22/2026  16:03:31  PAGE 17


  -------         MODULE        ?C?ILDPTR
  C:0D08H         PUBLIC        ?C?ILDPTR
  -------         ENDMOD        ?C?ILDPTR

  -------         MODULE        ?C?IILDPTR
  C:0D33H         PUBLIC        ?C?IILDPTR
  -------         ENDMOD        ?C?IILDPTR

  -------         MODULE        ?C?LMUL
  C:0D6BH         PUBLIC        ?C?LMUL
  -------         ENDMOD        ?C?LMUL

  -------         MODULE        ?C?ULDIV
  C:0DF6H         PUBLIC        ?C?ULDIV
  -------         ENDMOD        ?C?ULDIV

  -------         MODULE        ?C?ULCMP
  C:0E88H         PUBLIC        ?C?ULCMP
  -------         ENDMOD        ?C?ULCMP

  -------         MODULE        ?C?LLDIIDATA
  C:0EA2H         PUBLIC        ?C?LLDIIDATA
  C:0E99H         PUBLIC        ?C?LLDIIDATA1
  C:0E9BH         PUBLIC        ?C?LLDIIDATA8
  -------         ENDMOD        ?C?LLDIIDATA

  -------         MODULE        ?C?IILDX
  C:0EB9H         PUBLIC        ?C?IILDX
  -------         ENDMOD        ?C?IILDX

*** WARNING L16: UNCALLED SEGMENT, IGNORED FOR OVERLAY PROCESS
    SEGMENT: ?PR?SCANKEY?KEYBOARD

*** WARNING L16: UNCALLED SEGMENT, IGNORED FOR OVERLAY PROCESS
    SEGMENT: ?PR?_OLED_DRAWBMP?OLED

Program Size: data=75.0 xdata=0 code=6661
LINK/LOCATE RUN COMPLETE.  2 WARNING(S),  0 ERROR(S)
